Component: ARM Compiler 5.06 update 6 (build 750) Tool: armlink [4d35ed]

==============================================================================

Section Cross References

    startup_stm32h750xx.o(RESET) refers to startup_stm32h750xx.o(STACK) for __initial_sp
    startup_stm32h750xx.o(RESET) refers to startup_stm32h750xx.o(.text) for Reset_Handler
    startup_stm32h750xx.o(RESET) refers to stm32h7xx_it.o(i.NMI_Handler) for NMI_Handler
    startup_stm32h750xx.o(RESET) refers to stm32h7xx_it.o(i.HardFault_Handler) for HardFault_Handler
    startup_stm32h750xx.o(RESET) refers to stm32h7xx_it.o(i.MemManage_Handler) for MemManage_Handler
    startup_stm32h750xx.o(RESET) refers to stm32h7xx_it.o(i.BusFault_Handler) for BusFault_Handler
    startup_stm32h750xx.o(RESET) refers to stm32h7xx_it.o(i.UsageFault_Handler) for UsageFault_Handler
    startup_stm32h750xx.o(RESET) refers to stm32h7xx_it.o(i.SVC_Handler) for SVC_Handler
    startup_stm32h750xx.o(RESET) refers to stm32h7xx_it.o(i.DebugMon_Handler) for DebugMon_Handler
    startup_stm32h750xx.o(RESET) refers to stm32h7xx_it.o(i.PendSV_Handler) for PendSV_Handler
    startup_stm32h750xx.o(RESET) refers to stm32h7xx_it.o(i.SysTick_Handler) for SysTick_Handler
    startup_stm32h750xx.o(RESET) refers to stm32h7xx_it.o(i.DMA1_Stream0_IRQHandler) for DMA1_Stream0_IRQHandler
    startup_stm32h750xx.o(RESET) refers to stm32h7xx_it.o(i.DCMI_IRQHandler) for DCMI_IRQHandler
    startup_stm32h750xx.o(RESET) refers to stm32h7xx_it.o(i.TIM16_IRQHandler) for TIM16_IRQHandler
    startup_stm32h750xx.o(.text) refers to system_stm32h7xx.o(i.SystemInit) for SystemInit
    startup_stm32h750xx.o(.text) refers to entry.o(.ARM.Collect$$$$00000000) for __main
    main.o(i.Error_Handler) refers to main.o(i.LED_Blink) for LED_Blink
    main.o(i.HAL_DCMI_FrameEventCallback) refers to stm32h7xx_hal.o(i.HAL_GetTick) for HAL_GetTick
    main.o(i.HAL_DCMI_FrameEventCallback) refers to stm32h7xx_hal_dcmi.o(i.HAL_DCMI_Suspend) for HAL_DCMI_Suspend
    main.o(i.HAL_DCMI_FrameEventCallback) refers to main.o(.data) for .data
    main.o(i.LED_Blink) refers to stm32h7xx_hal_gpio.o(i.HAL_GPIO_WritePin) for HAL_GPIO_WritePin
    main.o(i.LED_Blink) refers to stm32h7xx_hal.o(i.HAL_Delay) for HAL_Delay
    main.o(i.MPU_Config) refers to stm32h7xx_hal_cortex.o(i.HAL_MPU_Disable) for HAL_MPU_Disable
    main.o(i.MPU_Config) refers to stm32h7xx_hal_cortex.o(i.HAL_MPU_ConfigRegion) for HAL_MPU_ConfigRegion
    main.o(i.MPU_Config) refers to stm32h7xx_hal_cortex.o(i.HAL_MPU_Enable) for HAL_MPU_Enable
    main.o(i.ST7735_DrawRect) refers to st7735.o(i.ST7735_DrawHLine) for ST7735_DrawHLine
    main.o(i.ST7735_DrawRect) refers to st7735.o(i.ST7735_DrawVLine) for ST7735_DrawVLine
    main.o(i.ST7735_DrawRect) refers to lcd.o(.bss) for st7735_pObj
    main.o(i.SystemClock_Config) refers to memseta.o(.text) for __aeabi_memclr4
    main.o(i.SystemClock_Config) refers to stm32h7xx_hal_pwr_ex.o(i.HAL_PWREx_ConfigSupply) for HAL_PWREx_ConfigSupply
    main.o(i.SystemClock_Config) refers to stm32h7xx_hal_rcc.o(i.HAL_RCC_OscConfig) for HAL_RCC_OscConfig
    main.o(i.SystemClock_Config) refers to stm32h7xx_hal_rcc.o(i.HAL_RCC_ClockConfig) for HAL_RCC_ClockConfig
    main.o(i.SystemClock_Config) refers to main.o(i.Error_Handler) for Error_Handler
    main.o(i.SystemClock_Config) refers to stm32h7xx_hal_rcc.o(i.HAL_RCC_MCOConfig) for HAL_RCC_MCOConfig
    main.o(i.main) refers to main.o(i.MPU_Config) for MPU_Config
    main.o(i.main) refers to main.o(i.CPU_CACHE_Enable) for CPU_CACHE_Enable
    main.o(i.main) refers to stm32h7xx_hal.o(i.HAL_Init) for HAL_Init
    main.o(i.main) refers to main.o(i.SystemClock_Config) for SystemClock_Config
    main.o(i.main) refers to gpio.o(i.MX_GPIO_Init) for MX_GPIO_Init
    main.o(i.main) refers to dma.o(i.MX_DMA_Init) for MX_DMA_Init
    main.o(i.main) refers to dcmi.o(i.MX_DCMI_Init) for MX_DCMI_Init
    main.o(i.main) refers to i2c.o(i.MX_I2C1_Init) for MX_I2C1_Init
    main.o(i.main) refers to spi.o(i.MX_SPI4_Init) for MX_SPI4_Init
    main.o(i.main) refers to tim.o(i.MX_TIM1_Init) for MX_TIM1_Init
    main.o(i.main) refers to tim.o(i.MX_TIM16_Init) for MX_TIM16_Init
    main.o(i.main) refers to crc.o(i.MX_CRC_Init) for MX_CRC_Init
    main.o(i.main) refers to usart.o(i.MX_USART1_UART_Init) for MX_USART1_UART_Init
    main.o(i.main) refers to lcd.o(i.LCD_Init_Device) for LCD_Init_Device
    main.o(i.main) refers to camera.o(i.Camera_Init_Device) for Camera_Init_Device
    main.o(i.main) refers to printfa.o(i.__0sprintf) for __2sprintf
    main.o(i.main) refers to lcd.o(i.LCD_ShowString) for LCD_ShowString
    main.o(i.main) refers to main.o(i.LED_Blink) for LED_Blink
    main.o(i.main) refers to stm32h7xx_hal_dcmi.o(i.HAL_DCMI_Start_DMA) for HAL_DCMI_Start_DMA
    main.o(i.main) refers to printfa.o(i.__0printf) for __2printf
    main.o(i.main) refers to yoloface.o(i.ai_yoloface_create_and_init) for ai_yoloface_create_and_init
[...]
    0x9000090a   0x9000090a   0x00000002   PAD
    0x9000090c   0x9000090c   0x00000088   Code   RO           13    i.CPU_CACHE_Enable  main.o
    0x90000994   0x90000994   0x000000e0   Code   RO         7279    i.CRC_Is_Enabled    NetworkRuntime710_CM7_Keil.lib(ai_platform_interface.o)
    0x90000a74   0x90000a74   0x000000f0   Code   RO         7280    i.CRC_Lock          NetworkRuntime710_CM7_Keil.lib(ai_platform_interface.o)
    0x90000b64   0x90000b64   0x000000ac   Code   RO         5622    i.Camera_Init_Device  camera.o
    0x90000c10   0x90000c10   0x00000036   Code   RO         5623    i.Camera_ReadReg    camera.o
    0x90000c46   0x90000c46   0x00000024   Code   RO         5624    i.Camera_ReadRegb2  camera.o
    0x90000c6a   0x90000c6a   0x00000024   Code   RO         5626    i.Camera_WriteReg   camera.o
    0x90000c8e   0x90000c8e   0x00000026   Code   RO         5628    i.Camera_WriteRegb2  camera.o
    0x90000cb4   0x90000cb4   0x00000078   Code   RO         5630    i.Camera_read_id    camera.o
    0x90000d2c   0x90000d2c   0x00000020   Code   RO         3223    i.DCMI_DMAError     stm32h7xx_hal_dcmi.o
    0x90000d4c   0x90000d4c   0x00000084   Code   RO         3224    i.DCMI_DMAXferCplt  stm32h7xx_hal_dcmi.o
    0x90000dd0   0x90000dd0   0x0000000c   Code   RO          632    i.DCMI_IRQHandler   stm32h7xx_it.o
    0x90000ddc   0x90000ddc   0x0000000c   Code   RO          633    i.DMA1_Stream0_IRQHandler  stm32h7xx_it.o
    0x90000de8   0x90000de8   0x000000b4   Code   RO         1616    i.DMA_CalcBaseAndBitshift  stm32h7xx_hal_dma.o
    0x90000e9c   0x90000e9c   0x0000009c   Code   RO         1617    i.DMA_CalcDMAMUXChannelBaseAndMask  stm32h7xx_hal_dma.o
    0x90000f38   0x90000f38   0x00000074   Code   RO         1618    i.DMA_CalcDMAMUXRequestGenBaseAndMask  stm32h7xx_hal_dma.o
    0x90000fac   0x90000fac   0x00000054   Code   RO         1619    i.DMA_CheckFifoParam  stm32h7xx_hal_dma.o
    0x90001000   0x90001000   0x000000a0   Code   RO         1732    i.DMA_MultiBufferSetConfig  stm32h7xx_hal_dma_ex.o
    0x900010a0   0x900010a0   0x00000220   Code   RO         1620    i.DMA_SetConfig     stm32h7xx_hal_dma.o
    0x900012c0   0x900012c0   0x00000002   Code   RO          634    i.DebugMon_Handler  stm32h7xx_it.o
    0x900012c2   0x900012c2   0x0000000a   Code   RO           14    i.Error_Handler     main.o
    0x900012cc   0x900012cc   0x0000004e   Code   RO          962    i.HAL_CRCEx_Polynomial_Set  stm32h7xx_hal_crc_ex.o
    0x9000131a   0x9000131a   0x00000002   PAD
    0x9000131c   0x9000131c   0x00000078   Code   RO          896    i.HAL_CRC_Init      stm32h7xx_hal_crc.o
    0x90001394   0x90001394   0x00000028   Code   RO          332    i.HAL_CRC_MspInit   crc.o
    0x900013bc   0x900013bc   0x00000002   Code   RO         3230    i.HAL_DCMI_ErrorCallback  stm32h7xx_hal_dcmi.o
    0x900013be   0x900013be   0x00000002   PAD
    0x900013c0   0x900013c0   0x0000003c   Code   RO           15    i.HAL_DCMI_FrameEventCallback  main.o
    0x900013fc   0x900013fc   0x0000009c   Code   RO         3234    i.HAL_DCMI_IRQHandler  stm32h7xx_hal_dcmi.o
    0x90001498   0x90001498   0x0000009c   Code   RO         3235    i.HAL_DCMI_Init     stm32h7xx_hal_dcmi.o
    0x90001534   0x90001534   0x00000002   Code   RO         3236    i.HAL_DCMI_LineEventCallback  stm32h7xx_hal_dcmi.o
    0x90001536   0x90001536   0x00000002   PAD
    0x90001538   0x90001538   0x00000154   Code   RO          374    i.HAL_DCMI_MspInit  dcmi.o
    0x9000168c   0x9000168c   0x00000036   Code   RO         3239    i.HAL_DCMI_Resume   stm32h7xx_hal_dcmi.o
    0x900016c2   0x900016c2   0x00000002   PAD
    0x900016c4   0x900016c4   0x000000ec   Code   RO         3240    i.HAL_DCMI_Start_DMA  stm32h7xx_hal_dcmi.o
    0x900017b0   0x900017b0   0x0000006c   Code   RO         3242    i.HAL_DCMI_Suspend  stm32h7xx_hal_dcmi.o
    0x9000181c   0x9000181c   0x00000002   Code   RO         3243    i.HAL_DCMI_VsyncEventCallback  stm32h7xx_hal_dcmi.o
    0x9000181e   0x9000181e   0x00000002   PAD
    0x90001820   0x90001820   0x00000090   Code   RO         1733    i.HAL_DMAEx_ChangeMemory  stm32h7xx_hal_dma_ex.o
    0x900018b0   0x900018b0   0x00000468   Code   RO         1740    i.HAL_DMAEx_MultiBufferStart_IT  stm32h7xx_hal_dma_ex.o
    0x90001d18   0x90001d18   0x00000284   Code   RO         1622    i.HAL_DMA_Abort_IT  stm32h7xx_hal_dma.o
    0x90001f9c   0x90001f9c   0x000006e8   Code   RO         1626    i.HAL_DMA_IRQHandler  stm32h7xx_hal_dma.o
    0x90002684   0x90002684   0x000003c4   Code   RO         1627    i.HAL_DMA_Init      stm32h7xx_hal_dma.o
    0x90002a48   0x90002a48   0x0000029c   Code   RO         1631    i.HAL_DMA_Start_IT  stm32h7xx_hal_dma.o
    0x90002ce4   0x90002ce4   0x00000024   Code   RO         2330    i.HAL_Delay         stm32h7xx_hal.o
    0x90002d08   0x90002d08   0x0000022c   Code   RO         1469    i.HAL_GPIO_Init     stm32h7xx_hal_gpio.o
    0x90002f34   0x90002f34   0x0000000a   Code   RO         1473    i.HAL_GPIO_WritePin  stm32h7xx_hal_gpio.o
    0x90002f3e   0x90002f3e   0x00000002   PAD
    0x90002f40   0x90002f40   0x00000010   Code   RO         2338    i.HAL_GetDEVID      stm32h7xx_hal.o
    0x90002f50   0x90002f50   0x0000000c   Code   RO         2341    i.HAL_GetREVID      stm32h7xx_hal.o
    0x90002f5c   0x90002f5c   0x0000000c   Code   RO         2342    i.HAL_GetTick       stm32h7xx_hal.o
    0x90002f68   0x90002f68   0x00000058   Code   RO         3097    i.HAL_I2CEx_ConfigAnalogFilter  stm32h7xx_hal_i2c_ex.o
    0x90002fc0   0x90002fc0   0x00000054   Code   RO         3098    i.HAL_I2CEx_ConfigDigitalFilter  stm32h7xx_hal_i2c_ex.o
    0x90003014   0x90003014   0x000000b8   Code   RO         2646    i.HAL_I2C_Init      stm32h7xx_hal_i2c.o
    0x900030cc   0x900030cc   0x00000124   Code   RO         2652    i.HAL_I2C_Master_Receive  stm32h7xx_hal_i2c.o
    0x900031f0   0x900031f0   0x00000124   Code   RO         2659    i.HAL_I2C_Master_Transmit  stm32h7xx_hal_i2c.o
    0x90003314   0x90003314   0x00000164   Code   RO         2664    i.HAL_I2C_Mem_Read  stm32h7xx_hal_i2c.o
    0x90003478   0x90003478   0x00000158   Code   RO         2667    i.HAL_I2C_Mem_Write  stm32h7xx_hal_i2c.o
    0x900035d0   0x900035d0   0x00000084   Code   RO          440    i.HAL_I2C_MspInit   i2c.o
    0x90003654   0x90003654   0x00000010   Code   RO         2348    i.HAL_IncTick       stm32h7xx_hal.o
    0x90003664   0x90003664   0x0000005c   Code   RO         2349    i.HAL_Init          stm32h7xx_hal.o
    0x900036c0   0x900036c0   0x00000040   Code   RO         2350    i.HAL_InitTick      stm32h7xx_hal.o
    0x90003700   0x90003700   0x0000005c   Code   RO          750    i.HAL_MPU_ConfigRegion  stm32h7xx_hal_cortex.o
    0x9000375c   0x9000375c   0x0000001c   Code   RO          751    i.HAL_MPU_Disable   stm32h7xx_hal_cortex.o
    0x90003778   0x90003778   0x00000024   Code   RO          752    i.HAL_MPU_Enable    stm32h7xx_hal_cortex.o
    0x9000379c   0x9000379c   0x0000001c   Code   RO          725    i.HAL_MspInit       stm32h7xx_hal_msp.o
    0x900037b8   0x900037b8   0x0000001a   Code   RO          755    i.HAL_NVIC_EnableIRQ  stm32h7xx_hal_cortex.o
    0x900037d2   0x900037d2   0x00000002   PAD
    0x900037d4   0x900037d4   0x00000040   Code   RO          761    i.HAL_NVIC_SetPriority  stm32h7xx_hal_cortex.o
    0x90003814   0x90003814   0x00000024   Code   RO          762    i.HAL_NVIC_SetPriorityGrouping  stm32h7xx_hal_cortex.o
    0x90003838   0x90003838   0x00000054   Code   RO         2070    i.HAL_PWREx_ConfigSupply  stm32h7xx_hal_pwr_ex.o
    0x9000388c   0x9000388c   0x00000024   Code   RO         1112    i.HAL_RCCEx_GetD3PCLK1Freq  stm32h7xx_hal_rcc_ex.o
    0x900038b0   0x900038b0   0x00000144   Code   RO         1114    i.HAL_RCCEx_GetPLL2ClockFreq  stm32h7xx_hal_rcc_ex.o
    0x900039f4   0x900039f4   0x00000144   Code   RO         1115    i.HAL_RCCEx_GetPLL3ClockFreq  stm32h7xx_hal_rcc_ex.o
    0x90003b38   0x90003b38   0x000008d2   Code   RO         1121    i.HAL_RCCEx_PeriphCLKConfig  stm32h7xx_hal_rcc_ex.o
    0x9000440a   0x9000440a   0x00000002   PAD
    0x9000440c   0x9000440c   0x0000025c   Code   RO          997    i.HAL_RCC_ClockConfig  stm32h7xx_hal_rcc.o
    0x90004668   0x90004668   0x00000044   Code   RO         1002    i.HAL_RCC_GetHCLKFreq  stm32h7xx_hal_rcc.o
    0x900046ac   0x900046ac   0x00000024   Code   RO         1004    i.HAL_RCC_GetPCLK1Freq  stm32h7xx_hal_rcc.o
    0x900046d0   0x900046d0   0x00000024   Code   RO         1005    i.HAL_RCC_GetPCLK2Freq  stm32h7xx_hal_rcc.o
    0x900046f4   0x900046f4   0x00000138   Code   RO         1006    i.HAL_RCC_GetSysClockFreq  stm32h7xx_hal_rcc.o
    0x9000482c   0x9000482c   0x00000094   Code   RO         1007    i.HAL_RCC_MCOConfig  stm32h7xx_hal_rcc.o
    0x900048c0   0x900048c0   0x00000530   Code   RO         1009    i.HAL_RCC_OscConfig  stm32h7xx_hal_rcc.o
    0x90004df0   0x90004df0   0x00000158   Code   RO         3376    i.HAL_SPI_Init      stm32h7xx_hal_spi.o
    0x90004f48   0x90004f48   0x00000084   Code   RO          482    i.HAL_SPI_MspInit   spi.o
    0x90004fcc   0x90004fcc   0x00000250   Code   RO         3379    i.HAL_SPI_Receive   stm32h7xx_hal_spi.o
    0x9000521c   0x9000521c   0x00000238   Code   RO         3384    i.HAL_SPI_Transmit  stm32h7xx_hal_spi.o
    0x90005454   0x90005454   0x00000324   Code   RO         3385    i.HAL_SPI_TransmitReceive  stm32h7xx_hal_spi.o
    0x90005778   0x90005778   0x00000026   Code   RO          766    i.HAL_SYSTICK_Config  stm32h7xx_hal_cortex.o
    0x9000579e   0x9000579e   0x00000002   Code   RO         4404    i.HAL_TIMEx_Break2Callback  stm32h7xx_hal_tim_ex.o
    0x900057a0   0x900057a0   0x00000002   Code   RO         4405    i.HAL_TIMEx_BreakCallback  stm32h7xx_hal_tim_ex.o
    0x900057a2   0x900057a2   0x00000002   Code   RO         4406    i.HAL_TIMEx_CommutCallback  stm32h7xx_hal_tim_ex.o
    0x900057a4   0x900057a4   0x000000a0   Code   RO         4408    i.HAL_TIMEx_ConfigBreakDeadTime  stm32h7xx_hal_tim_ex.o
    0x90005844   0x90005844   0x000000a4   Code   RO         4426    i.HAL_TIMEx_MasterConfigSynchronization  stm32h7xx_hal_tim_ex.o
    0x900058e8   0x900058e8   0x000000cc   Code   RO         4437    i.HAL_TIMEx_PWMN_Start  stm32h7xx_hal_tim_ex.o
    0x900059b4   0x900059b4   0x00000062   Code   RO         3690    i.HAL_TIM_Base_Init  stm32h7xx_hal_tim.o
    0x90005a16   0x90005a16   0x00000002   PAD
    0x90005a18   0x90005a18   0x0000003c   Code   RO          524    i.HAL_TIM_Base_MspInit  tim.o
    0x90005a54   0x90005a54   0x00000002   Code   RO         3724    i.HAL_TIM_IC_CaptureCallback  stm32h7xx_hal_tim.o
    0x90005a56   0x90005a56   0x00000182   Code   RO         3738    i.HAL_TIM_IRQHandler  stm32h7xx_hal_tim.o
    0x90005bd8   0x90005bd8   0x00000054   Code   RO          525    i.HAL_TIM_MspPostInit  tim.o
    0x90005c2c   0x90005c2c   0x00000002   Code   RO         3741    i.HAL_TIM_OC_DelayElapsedCallback  stm32h7xx_hal_tim.o
    0x90005c2e   0x90005c2e   0x00000124   Code   RO         3762    i.HAL_TIM_PWM_ConfigChannel  stm32h7xx_hal_tim.o
    0x90005d52   0x90005d52   0x00000062   Code   RO         3765    i.HAL_TIM_PWM_Init  stm32h7xx_hal_tim.o
    0x90005db4   0x90005db4   0x00000028   Code   RO          527    i.HAL_TIM_PWM_MspInit  tim.o
    0x90005ddc   0x90005ddc   0x00000002   Code   RO         3768    i.HAL_TIM_PWM_PulseFinishedCallback  stm32h7xx_hal_tim.o
    0x90005dde   0x90005dde   0x00000002   PAD
    0x90005de0   0x90005de0   0x00000014   Code   RO         5264    i.HAL_TIM_PeriodElapsedCallback  lcd.o
    0x90005df4   0x90005df4   0x00000002   Code   RO         3781    i.HAL_TIM_TriggerCallback  stm32h7xx_hal_tim.o
    0x90005df6   0x90005df6   0x00000040   Code   RO         5115    i.HAL_UARTEx_DisableFifoMode  stm32h7xx_hal_uart_ex.o
    0x90005e36   0x90005e36   0x0000004c   Code   RO         5123    i.HAL_UARTEx_SetRxFifoThreshold  stm32h7xx_hal_uart_ex.o
    0x90005e82   0x90005e82   0x0000004c   Code   RO         5124    i.HAL_UARTEx_SetTxFifoThreshold  stm32h7xx_hal_uart_ex.o
    0x90005ece   0x90005ece   0x0000006a   Code   RO         4724    i.HAL_UART_Init     stm32h7xx_hal_uart.o
    0x90005f38   0x90005f38   0x00000084   Code   RO          590    i.HAL_UART_MspInit  usart.o
    0x90005fbc   0x90005fbc   0x00000002   Code   RO          635    i.HardFault_Handler  stm32h7xx_it.o
    0x90005fbe   0x90005fbe   0x00000022   Code   RO         2693    i.I2C_Flush_TXDR    stm32h7xx_hal_i2c.o
    0x90005fe0   0x90005fe0   0x00000120   Code   RO         2701    i.I2C_IsErrorOccurred  stm32h7xx_hal_i2c.o
    0x90006100   0x90006100   0x00000064   Code   RO         2704    i.I2C_RequestMemoryRead  stm32h7xx_hal_i2c.o
    0x90006164   0x90006164   0x00000064   Code   RO         2705    i.I2C_RequestMemoryWrite  stm32h7xx_hal_i2c.o
    0x900061c8   0x900061c8   0x00000030   Code   RO         2708    i.I2C_TransferConfig  stm32h7xx_hal_i2c.o
    0x900061f8   0x900061f8   0x0000005a   Code   RO         2710    i.I2C_WaitOnFlagUntilTimeout  stm32h7xx_hal_i2c.o
    0x90006252   0x90006252   0x00000002   PAD
    0x90006254   0x90006254   0x0000009c   Code   RO         2711    i.I2C_WaitOnRXNEFlagUntilTimeout  stm32h7xx_hal_i2c.o
    0x900062f0   0x900062f0   0x0000004e   Code   RO         2712    i.I2C_WaitOnSTOPFlagUntilTimeout  stm32h7xx_hal_i2c.o
    0x9000633e   0x9000633e   0x00000052   Code   RO         2713    i.I2C_WaitOnTXISFlagUntilTimeout  stm32h7xx_hal_i2c.o
    0x90006390   0x90006390   0x0000001c   Code   RO         5265    i.LCD_GetBrightness  lcd.o
    0x900063ac   0x900063ac   0x000000d8   Code   RO         5266    i.LCD_Init_Device   lcd.o
    0x90006484   0x90006484   0x00000080   Code   RO         5267    i.LCD_Light         lcd.o
    0x90006504   0x90006504   0x0000001c   Code   RO         5268    i.LCD_SetBrightness  lcd.o
    0x90006520   0x90006520   0x000001b4   Code   RO         5269    i.LCD_ShowChar      lcd.o
    0x900066d4   0x900066d4   0x00000054   Code   RO         5270    i.LCD_ShowString    lcd.o
    0x90006728   0x90006728   0x00000034   Code   RO         5273    i.LCD_SoftPWMCtrlRun  lcd.o
    0x9000675c   0x9000675c   0x00000030   Code   RO           16    i.LED_Blink         main.o
    0x9000678c   0x9000678c   0x000000ae   Code   RO           17    i.MPU_Config        main.o
    0x9000683a   0x9000683a   0x00000002   PAD
    0x9000683c   0x9000683c   0x00000030   Code   RO          333    i.MX_CRC_Init       crc.o
    0x9000686c   0x9000686c   0x0000003c   Code   RO          375    i.MX_DCMI_Init      dcmi.o
    0x900068a8   0x900068a8   0x0000002c   Code   RO          415    i.MX_DMA_Init       dma.o
    0x900068d4   0x900068d4   0x000000f0   Code   RO          299    i.MX_GPIO_Init      gpio.o
    0x900069c4   0x900069c4   0x00000058   Code   RO          441    i.MX_I2C1_Init      i2c.o
    0x90006a1c   0x90006a1c   0x00000060   Code   RO          483    i.MX_SPI4_Init      spi.o
    0x90006a7c   0x90006a7c   0x00000034   Code   RO          528    i.MX_TIM16_Init     tim.o
    0x90006ab0   0x90006ab0   0x000000b0   Code   RO          529    i.MX_TIM1_Init      tim.o
    0x90006b60   0x90006b60   0x00000068   Code   RO          591    i.MX_USART1_UART_Init  usart.o
    0x90006bc8   0x90006bc8   0x00000002   Code   RO          636    i.MemManage_Handler  stm32h7xx_it.o
    0x90006bca   0x90006bca   0x00000002   Code   RO          637    i.NMI_Handler       stm32h7xx_it.o
    0x90006bcc   0x90006bcc   0x00000018   Code   RO         5727    i.OV2640_RD_Reg     ov2640.o
    0x90006be4   0x90006be4   0x00000014   Code   RO         5728    i.OV2640_WR_Reg     ov2640.o
    0x90006bf8   0x90006bf8   0x000000a8   Code   RO         5872    i.OV7670_Config     ov7670.o
    0x90006ca0   0x90006ca0   0x00000038   Code   RO         5875    i.OV7670_ReadReg    ov7670.o
    0x90006cd8   0x90006cd8   0x00000026   Code   RO         5876    i.OV7670_Reset      ov7670.o
    0x90006cfe   0x90006cfe   0x00000002   PAD
    0x90006d00   0x90006d00   0x0000002c   Code   RO         5878    i.OV7670_WriteReg   ov7670.o
    0x90006d2c   0x90006d2c   0x00000022   Code   RO         5879    i.OV7670_WriteRegList  ov7670.o
    0x90006d4e   0x90006d4e   0x00000002   Code   RO          638    i.PendSV_Handler    stm32h7xx_it.o
    0x90006d50   0x90006d50   0x00000120   Code   RO         1124    i.RCCEx_PLL2_Config  stm32h7xx_hal_rcc_ex.o
    0x90006e70   0x90006e70   0x00000120   Code   RO         1125    i.RCCEx_PLL3_Config  stm32h7xx_hal_rcc_ex.o
    0x90006f90   0x90006f90   0x000000bc   Code   RO         3395    i.SPI_CloseTransfer  stm32h7xx_hal_spi.o
    0x9000704c   0x9000704c   0x00000042   Code   RO         3412    i.SPI_WaitOnFlagUntilTimeout  stm32h7xx_hal_spi.o
    0x9000708e   0x9000708e   0x00000004   Code   RO         5425    i.ST7735_DeInit     st7735.o
    0x90007092   0x90007092   0x00000002   PAD
    0x90007094   0x90007094   0x00000080   Code   RO         5426    i.ST7735_DisplayOff  st7735.o
    0x90007114   0x90007114   0x00000080   Code   RO         5427    i.ST7735_DisplayOn  st7735.o
    0x90007194   0x90007194   0x00000138   Code   RO         5428    i.ST7735_DrawBitmap  st7735.o
    0x900072cc   0x900072cc   0x00000060   Code   RO         5429    i.ST7735_DrawHLine  st7735.o
    0x9000732c   0x9000732c   0x0000004c   Code   RO           18    i.ST7735_DrawRect   main.o
    0x90007378   0x90007378   0x00000048   Code   RO         5430    i.ST7735_DrawVLine  st7735.o
    0x900073c0   0x900073c0   0x00000084   Code   RO         5431    i.ST7735_FillRGBRect  st7735.o
    0x90007444   0x90007444   0x0000003c   Code   RO         5432    i.ST7735_FillRect   st7735.o
    0x90007480   0x90007480   0x00000006   Code   RO         5433    i.ST7735_GetBrightness  st7735.o
    0x90007486   0x90007486   0x00000002   PAD
    0x90007488   0x90007488   0x00000010   Code   RO         5434    i.ST7735_GetOrientation  st7735.o
    0x90007498   0x90007498   0x00000056   Code   RO         5435    i.ST7735_GetPixel   st7735.o
    0x900074ee   0x900074ee   0x00000002   PAD
    0x900074f0   0x900074f0   0x00000010   Code   RO         5436    i.ST7735_GetXSize   st7735.o
    0x90007500   0x90007500   0x00000010   Code   RO         5437    i.ST7735_GetYSize   st7735.o
    0x90007510   0x90007510   0x0000001a   Code   RO         5438    i.ST7735_IO_Delay   st7735.o
    0x9000752a   0x9000752a   0x000004b2   Code   RO         5439    i.ST7735_Init       st7735.o
    0x900079dc   0x900079dc   0x0000004a   Code   RO         5440    i.ST7735_ReadID     st7735.o
    0x90007a26   0x90007a26   0x0000000e   Code   RO         5441    i.ST7735_ReadRegWrap  st7735.o
    0x90007a34   0x90007a34   0x0000000e   Code   RO         5442    i.ST7735_RecvDataWrap  st7735.o
    0x90007a42   0x90007a42   0x00000002   PAD
    0x90007a44   0x90007a44   0x00000058   Code   RO         5443    i.ST7735_RegisterBusIO  st7735.o
    0x90007a9c   0x90007a9c   0x0000000e   Code   RO         5444    i.ST7735_SendDataWrap  st7735.o
    0x90007aaa   0x90007aaa   0x00000006   Code   RO         5445    i.ST7735_SetBrightness  st7735.o
    0x90007ab0   0x90007ab0   0x000000cc   Code   RO         5446    i.ST7735_SetCursor  st7735.o
    0x90007b7c   0x90007b7c   0x00000118   Code   RO         5447    i.ST7735_SetDisplayWindow  st7735.o
    0x90007c94   0x90007c94   0x000000a0   Code   RO         5448    i.ST7735_SetOrientation  st7735.o
    0x90007d34   0x90007d34   0x00000048   Code   RO         5449    i.ST7735_SetPixel   st7735.o
    0x90007d7c   0x90007d7c   0x00000014   Code   RO         5450    i.ST7735_WriteRegWrap  st7735.o
    0x90007d90   0x90007d90   0x00000002   Code   RO          639    i.SVC_Handler       stm32h7xx_it.o
    0x90007d92   0x90007d92   0x00000004   Code   RO          640    i.SysTick_Handler   stm32h7xx_it.o
    0x90007d96   0x90007d96   0x00000002   PAD
    0x90007d98   0x90007d98   0x000000b0   Code   RO           19    i.SystemClock_Config  main.o
    0x90007e48   0x90007e48   0x0000009c   Code   RO         5228    i.SystemInit        system_stm32h7xx.o
    0x90007ee4   0x90007ee4   0x0000000c   Code   RO          641    i.TIM16_IRQHandler  stm32h7xx_it.o
    0x90007ef0   0x90007ef0   0x000000c4   Code   RO         3783    i.TIM_Base_SetConfig  stm32h7xx_hal_tim.o
    0x90007fb4   0x90007fb4   0x0000001a   Code   RO         4447    i.TIM_CCxNChannelCmd  stm32h7xx_hal_tim_ex.o
    0x90007fce   0x90007fce   0x00000002   PAD
    0x90007fd0   0x90007fd0   0x000000a8   Code   RO         3796    i.TIM_OC1_SetConfig  stm32h7xx_hal_tim.o
    0x90008078   0x90008078   0x00000098   Code   RO         3797    i.TIM_OC2_SetConfig  stm32h7xx_hal_tim.o
    0x90008110   0x90008110   0x00000098   Code   RO         3798    i.TIM_OC3_SetConfig  stm32h7xx_hal_tim.o
    0x900081a8   0x900081a8   0x00000078   Code   RO         3799    i.TIM_OC4_SetConfig  stm32h7xx_hal_tim.o
    0x90008220   0x90008220   0x00000074   Code   RO         3800    i.TIM_OC5_SetConfig  stm32h7xx_hal_tim.o
    0x90008294   0x90008294   0x00000074   Code   RO         3801    i.TIM_OC6_SetConfig  stm32h7xx_hal_tim.o
    0x90008308   0x90008308   0x00000044   Code   RO         5128    i.UARTEx_SetNbDataToProcess  stm32h7xx_hal_uart_ex.o
    0x9000834c   0x9000834c   0x000000c8   Code   RO         4738    i.UART_AdvFeatureConfig  stm32h7xx_hal_uart.o
    0x90008414   0x90008414   0x00000060   Code   RO         4739    i.UART_CheckIdleState  stm32h7xx_hal_uart.o
    0x90008474   0x90008474   0x000003ac   Code   RO         4756    i.UART_SetConfig    stm32h7xx_hal_uart.o
    0x90008820   0x90008820   0x000000ca   Code   RO         4763    i.UART_WaitOnFlagUntilTimeout  stm32h7xx_hal_uart.o
    0x900088ea   0x900088ea   0x00000002   Code   RO          642    i.UsageFault_Handler  stm32h7xx_it.o
    0x900088ec   0x900088ec   0x00000020   Code   RO         9003    i.__0printf         mc_w.l(printfa.o)
    0x9000890c   0x9000890c   0x00000028   Code   RO         9005    i.__0sprintf        mc_w.l(printfa.o)
    0x90008934   0x90008934   0x00000026   Code   RO         9061    i.__ARM_fpclassifyf  m_wv.l(fpclassifyf.o)
    0x9000895a   0x9000895a   0x00000022   Code   RO          768    i.__NVIC_SetPriority  stm32h7xx_hal_cortex.o
    0x9000897c   0x9000897c   0x0000005c   Code   RO         9035    i.__free$realloc    mc_w.l(mallocr.o)
    0x900089d8   0x900089d8   0x000001f4   Code   RO         8669    i.__hardfp_expf     m_wv.l(expf.o)
    0x90008bcc   0x90008bcc   0x00000050   Code   RO         9036    i.__malloc$realloc  mc_w.l(mallocr.o)
    0x90008c1c   0x90008c1c   0x00000006   Code   RO         9064    i.__mathlib_flt_infnan  m_wv.l(funder.o)
    0x90008c22   0x90008c22   0x00000002   PAD
    0x90008c24   0x90008c24   0x00000010   Code   RO         9067    i.__mathlib_flt_overflow  m_wv.l(funder.o)
    0x90008c34   0x90008c34   0x00000010   Code   RO         9069    i.__mathlib_flt_underflow  m_wv.l(funder.o)
    0x90008c44   0x90008c44   0x0000000e   Code   RO         9134    i.__scatterload_copy  mc_w.l(handlers.o)
    0x90008c52   0x90008c52   0x00000002   Code   RO         9135    i.__scatterload_null  mc_w.l(handlers.o)
    0x90008c54   0x90008c54   0x0000000e   Code   RO         9136    i.__scatterload_zeroinit  mc_w.l(handlers.o)
    0x90008c62   0x90008c62   0x00000002   PAD
    0x90008c64   0x90008c64   0x0000000c   Code   RO         9102    i.__set_errno       mc_w.l(errno.o)
    0x90008c70   0x90008c70   0x00000012   Code   RO         8064    i._ai_forward_layer  NetworkRuntime710_CM7_Keil.lib(layers.o)
    0x90008c82   0x90008c82   0x00000004   Code   RO         7281    i._ai_platform_acquire_crc  NetworkRuntime710_CM7_Keil.lib(ai_platform_interface.o)
    0x90008c86   0x90008c86   0x00000002   PAD
    0x90008c88   0x90008c88   0x000000d0   Code   RO         7282    i._ai_platform_get_io_buffers_info  NetworkRuntime710_CM7_Keil.lib(ai_platform_interface.o)
    0x90008d58   0x90008d58   0x00000002   Code   RO         7283    i._ai_platform_release_crc  NetworkRuntime710_CM7_Keil.lib(ai_platform_interface.o)
    0x90008d5a   0x90008d5a   0x00000002   PAD
    0x90008d5c   0x90008d5c   0x00000184   Code   RO         9010    i._fp_digits        mc_w.l(printfa.o)
    0x90008ee0   0x90008ee0   0x000000c2   Code   RO         7885    i._get_conv2d_case  NetworkRuntime710_CM7_Keil.lib(layers_conv2d_stm32_integer.o)
    0x90008fa2   0x90008fa2   0x00000050   Code   RO         7887    i._get_scratch_size  NetworkRuntime710_CM7_Keil.lib(layers_conv2d_stm32_integer.o)
    0x90008ff2   0x90008ff2   0x0000004a   Code   RO         7284    i._platform_ai_buffer_array_copy  NetworkRuntime710_CM7_Keil.lib(ai_platform_interface.o)
    0x9000903c   0x9000903c   0x00000050   Code   RO         7285    i._platform_get_table_map_from_buffer  NetworkRuntime710_CM7_Keil.lib(ai_platform_interface.o)
    0x9000908c   0x9000908c   0x00000044   Code   RO         7286    i._platform_get_table_map_from_buffer_array  NetworkRuntime710_CM7_Keil.lib(ai_platform_interface.o)
    0x900090d0   0x900090d0   0x00000014   Code   RO         7287    i._platform_network_buffers_signature_valid  NetworkRuntime710_CM7_Keil.lib(ai_platform_interface.o)
    0x900090e4   0x900090e4   0x00000210   Code   RO         7288    i._platform_network_io_bind  NetworkRuntime710_CM7_Keil.lib(ai_platform_interface.o)
    0x900092f4   0x900092f4   0x0000003e   Code   RO         7289    i._platform_network_state_setup  NetworkRuntime710_CM7_Keil.lib(ai_platform_interface.o)
    0x90009332   0x90009332   0x0000006c   Code   RO         7290    i._platform_network_state_update_input  NetworkRuntime710_CM7_Keil.lib(ai_platform_interface.o)
    0x9000939e   0x9000939e   0x00000080   Code   RO         7291    i._platform_network_state_update_output  NetworkRuntime710_CM7_Keil.lib(ai_platform_interface.o)
    0x9000941e   0x9000941e   0x00000002   PAD
    0x90009420   0x90009420   0x000006dc   Code   RO         9011    i._printf_core      mc_w.l(printfa.o)
    0x90009afc   0x90009afc   0x00000024   Code   RO         9012    i._printf_post_padding  mc_w.l(printfa.o)
    0x90009b20   0x90009b20   0x0000002e   Code   RO         9013    i._printf_pre_padding  mc_w.l(printfa.o)
    0x90009b4e   0x90009b4e   0x00000002   PAD
    0x90009b50   0x90009b50   0x000000c8   Code   RO         5729    i._set_framesize    ov2640.o
    0x90009c18   0x90009c18   0x0000000a   Code   RO         9015    i._sputc            mc_w.l(printfa.o)
    0x90009c22   0x90009c22   0x0000003c   Code   RO         8030    i.ai_array_get_byte_size  NetworkRuntime710_CM7_Keil.lib(ai_datatypes_format.o)
    0x90009c5e   0x90009c5e   0x0000001e   Code   RO         8031    i.ai_array_get_data_byte_size  NetworkRuntime710_CM7_Keil.lib(ai_datatypes_format.o)
    0x90009c7c   0x90009c7c   0x0000012c   Code   RO         8033    i.ai_array_to_buffer_fmt  NetworkRuntime710_CM7_Keil.lib(ai_datatypes_format.o)
    0x90009da8   0x90009da8   0x00000024   Code   RO         7265    i.ai_buffer_array_item_set_address  NetworkRuntime710_CM7_Keil.lib(ai_platform.o)
    0x90009dcc   0x90009dcc   0x00000012   Code   RO         7266    i.ai_buffer_array_sane  NetworkRuntime710_CM7_Keil.lib(ai_platform.o)
    0x90009dde   0x90009dde   0x00000002   PAD
    0x90009de0   0x90009de0   0x00000068   Code   RO         7268    i.ai_buffer_get_size  NetworkRuntime710_CM7_Keil.lib(ai_platform.o)
    0x90009e48   0x90009e48   0x0000002c   Code   RO         8065    i.ai_check_custom_types  NetworkRuntime710_CM7_Keil.lib(layers.o)
    0x90009e74   0x90009e74   0x0000004e   Code   RO         8069    i.ai_layers_forward_all  NetworkRuntime710_CM7_Keil.lib(layers.o)
    0x90009ec2   0x90009ec2   0x0000001e   Code   RO         8070    i.ai_layers_init_all  NetworkRuntime710_CM7_Keil.lib(layers.o)
    0x90009ee0   0x90009ee0   0x00000036   Code   RO         8071    i.ai_layers_post_init_all  NetworkRuntime710_CM7_Keil.lib(layers.o)
    0x90009f16   0x90009f16   0x000000ae   Code   RO         8622    i.ai_padding_opt_init  NetworkRuntime710_CM7_Keil.lib(st_padding_opt.o)
    0x90009fc4   0x90009fc4   0x00000030   Code   RO         8623    i.ai_padding_opt_phase1  NetworkRuntime710_CM7_Keil.lib(st_padding_opt.o)
    0x90009ff4   0x90009ff4   0x00000026   Code   RO         8166    i.ai_padding_opt_phase2  NetworkRuntime710_CM7_Keil.lib(st_sssa8_ch_convolve.o)
    0x9000a01a   0x9000a01a   0x00000026   Code   RO         8198    i.ai_padding_opt_phase2  NetworkRuntime710_CM7_Keil.lib(st_sssa8_ch_convolve_rgb.o)
    0x9000a040   0x9000a040   0x0000018c   Code   RO         7293    i.ai_platform_api_get_network_report  NetworkRuntime710_CM7_Keil.lib(ai_platform_interface.o)
    0x9000a1cc   0x9000a1cc   0x00000014   Code   RO         7294    i.ai_platform_api_get_version  NetworkRuntime710_CM7_Keil.lib(ai_platform_interface.o)
    0x9000a1e0   0x9000a1e0   0x0000002c   Code   RO         7295    i.ai_platform_bind_network_params  NetworkRuntime710_CM7_Keil.lib(ai_platform_interface.o)
    0x9000a20c   0x9000a20c   0x0000001c   Code   RO         7296    i.ai_platform_context_acquire  NetworkRuntime710_CM7_Keil.lib(ai_platform_interface.o)
    0x9000a228   0x9000a228   0x0000002c   Code   RO         7298    i.ai_platform_get_activations_map  NetworkRuntime710_CM7_Keil.lib(ai_platform_interface.o)
    0x9000a254   0x9000a254   0x00000028   Code   RO         7299    i.ai_platform_get_weights_map  NetworkRuntime710_CM7_Keil.lib(ai_platform_interface.o)
    0x9000a27c   0x9000a27c   0x0000003c   Code   RO         7300    i.ai_platform_inputs_get  NetworkRuntime710_CM7_Keil.lib(ai_platform_interface.o)
    0x9000a2b8   0x9000a2b8   0x00000014   Code   RO         7301    i.ai_platform_interface_api_get_version  NetworkRuntime710_CM7_Keil.lib(ai_platform_interface.o)
    0x9000a2cc   0x9000a2cc   0x000000b4   Code   RO         7302    i.ai_platform_network_create  NetworkRuntime710_CM7_Keil.lib(ai_platform_interface.o)
    0x9000a380   0x9000a380   0x0000001c   Code   RO         7304    i.ai_platform_network_get_error  NetworkRuntime710_CM7_Keil.lib(ai_platform_interface.o)
    0x9000a39c   0x9000a39c   0x0000010c   Code   RO         7305    i.ai_platform_network_init  NetworkRuntime710_CM7_Keil.lib(ai_platform_interface.o)
    0x9000a4a8   0x9000a4a8   0x00000046   Code   RO         7306    i.ai_platform_network_post_init  NetworkRuntime710_CM7_Keil.lib(ai_platform_interface.o)
    0x9000a4ee   0x9000a4ee   0x00000054   Code   RO         7307    i.ai_platform_network_process  NetworkRuntime710_CM7_Keil.lib(ai_platform_interface.o)
    0x9000a542   0x9000a542   0x0000000c   Code   RO         7308    i.ai_platform_network_set_error  NetworkRuntime710_CM7_Keil.lib(ai_platform_interface.o)
    0x9000a54e   0x9000a54e   0x00000044   Code   RO         7314    i.ai_platform_outputs_get  NetworkRuntime710_CM7_Keil.lib(ai_platform_interface.o)
    0x9000a592   0x9000a592   0x00000002   PAD
    0x9000a594   0x9000a594   0x00000010   Code   RO         7315    i.ai_platform_runtime_get_revision  NetworkRuntime710_CM7_Keil.lib(ai_platform_interface.o)
    0x9000a5a4   0x9000a5a4   0x00000014   Code   RO         7316    i.ai_platform_runtime_get_version  NetworkRuntime710_CM7_Keil.lib(ai_platform_interface.o)
    0x9000a5b8   0x9000a5b8   0x00000016   Code   RO         8053    i.ai_platform_version_get  NetworkRuntime710_CM7_Keil.lib(ai_datatypes_internal.o)
    0x9000a5ce   0x9000a5ce   0x0000001a   Code   RO         7889    i.ai_shape_get_size  NetworkRuntime710_CM7_Keil.lib(layers_conv2d_stm32_integer.o)
    0x9000a5e8   0x9000a5e8   0x0000001a   Code   RO         8004    i.ai_shape_get_size  NetworkRuntime710_CM7_Keil.lib(layers_stm32_integer.o)
    0x9000a602   0x9000a602   0x0000002e   Code   RO         8005    i.ai_shape_is_same  NetworkRuntime710_CM7_Keil.lib(layers_stm32_integer.o)
    0x9000a630   0x9000a630   0x0000001e   Code   RO         8006    i.ai_shape_is_scalar  NetworkRuntime710_CM7_Keil.lib(layers_stm32_integer.o)
    0x9000a64e   0x9000a64e   0x00000002   PAD
    0x9000a650   0x9000a650   0x0000053c   Code   RO         7560    i.ai_sum_buffer_INT8  NetworkRuntime710_CM7_Keil.lib(ai_math_helpers.o)
    0x9000ab8c   0x9000ab8c   0x00000012   Code   RO         7569    i.ai_sum_f32        NetworkRuntime710_CM7_Keil.lib(ai_math_helpers.o)
    0x9000ab9e   0x9000ab9e   0x0000000c   Code   RO         8054    i.ai_version_get    NetworkRuntime710_CM7_Keil.lib(ai_datatypes_internal.o)
    0x9000abaa   0x9000abaa   0x00000002   PAD
    0x9000abac   0x9000abac   0x00000018   Code   RO         6073    i.ai_yoloface_create  yoloface.o
    0x9000abc4   0x9000abc4   0x00000084   Code   RO         6074    i.ai_yoloface_create_and_init  yoloface.o
    0x9000ac48   0x9000ac48   0x00000028   Code   RO         7216    i.ai_yoloface_data_params_get  yoloface_data.o
    0x9000ac70   0x9000ac70   0x00000004   Code   RO         6077    i.ai_yoloface_get_error  yoloface.o
    0x9000ac74   0x9000ac74   0x00000058   Code   RO         6079    i.ai_yoloface_get_report  yoloface.o
    0x9000accc   0x9000accc   0x00000030   Code   RO         6080    i.ai_yoloface_init  yoloface.o
    0x9000acfc   0x9000acfc   0x00000014   Code   RO         6081    i.ai_yoloface_inputs_get  yoloface.o
    0x9000ad10   0x9000ad10   0x00000014   Code   RO         6082    i.ai_yoloface_outputs_get  yoloface.o
    0x9000ad24   0x9000ad24   0x00000004   Code   RO         6083    i.ai_yoloface_run   yoloface.o
    0x9000ad28   0x9000ad28   0x000000c8   Code   RO         8437    i.align_factor_ch   NetworkRuntime710_CM7_Keil.lib(st_convolve_reference.o)
    0x9000adf0   0x9000adf0   0x00000048   Code   RO         5798    i.calculate_hts     ov5640.o
    0x9000ae38   0x9000ae38   0x00000144   Code   RO         8097    i.core_compute_offsets  NetworkRuntime710_CM7_Keil.lib(core_utils.o)
    0x9000af7c   0x9000af7c   0x0000005c   Code   RO         8098    i.core_compute_offsets_in_bytes  NetworkRuntime710_CM7_Keil.lib(core_utils.o)
    0x9000afd8   0x9000afd8   0x00000060   Code   RO         8099    i.core_get_broadcasted_shape  NetworkRuntime710_CM7_Keil.lib(core_utils.o)
    0x9000b038   0x9000b038   0x0000000c   Code   RO         8080    i.core_get_error    NetworkRuntime710_CM7_Keil.lib(core_common.o)
    0x9000b044   0x9000b044   0x00000004   Code   RO         8081    i.core_init         NetworkRuntime710_CM7_Keil.lib(core_common.o)
    0x9000b048   0x9000b048   0x0000000c   Code   RO         7890    i.core_nl_get_params  NetworkRuntime710_CM7_Keil.lib(layers_conv2d_stm32_integer.o)
    0x9000b054   0x9000b054   0x00000012   Code   RO         7891    i.core_nl_get_params_ptr  NetworkRuntime710_CM7_Keil.lib(layers_conv2d_stm32_integer.o)
    0x9000b066   0x9000b066   0x0000001a   Code   RO         8082    i.core_set_error    NetworkRuntime710_CM7_Keil.lib(core_common.o)
    0x9000b080   0x9000b080   0x0000044c   Code   RO         7811    i.forward_concat    NetworkRuntime710_CM7_Keil.lib(layers_generic_float.o)
    0x9000b4cc   0x9000b4cc   0x000004fe   Code   RO         7894    i.forward_conv2d_integer_SSSA_ch  NetworkRuntime710_CM7_Keil.lib(layers_conv2d_stm32_integer.o)
    0x9000b9ca   0x9000b9ca   0x00000002   PAD
    0x9000b9cc   0x9000b9cc   0x00000364   Code   RO         8011    i.forward_eltwise_integer_INT8  NetworkRuntime710_CM7_Keil.lib(layers_stm32_integer.o)
    0x9000bd30   0x9000bd30   0x000000b0   Code   RO         7982    i.forward_mp_integer_INT8  NetworkRuntime710_CM7_Keil.lib(layers_pool_stm32_integer.o)
    0x9000bde0   0x9000bde0   0x00000014   Code   RO           20    i.fputc             main.o
    0x9000bdf4   0x9000bdf4   0x00000002   Code   RO         7913    i.func_dummy        NetworkRuntime710_CM7_Keil.lib(layers_conv2d_stm32_integer.o)
    0x9000bdf6   0x9000bdf6   0x00000002   PAD
    0x9000bdf8   0x9000bdf8   0x00000028   Code   RO         8055    i.get_tensor_byte_size  NetworkRuntime710_CM7_Keil.lib(ai_datatypes_internal.o)
    0x9000be20   0x9000be20   0x00000050   Code   RO         9037    i.internal_alloc    mc_w.l(mallocr.o)
    0x9000be70   0x9000be70   0x00000004   Code   RO         5277    i.lcd_gettick       lcd.o
    0x9000be74   0x9000be74   0x00000014   Code   RO         5278    i.lcd_init          lcd.o
    0x9000be88   0x9000be88   0x0000006c   Code   RO         5279    i.lcd_readreg       lcd.o
    0x9000bef4   0x9000bef4   0x0000004c   Code   RO         5280    i.lcd_recvdata      lcd.o
    0x9000bf40   0x9000bf40   0x00000048   Code   RO         5281    i.lcd_senddata      lcd.o
    0x9000bf88   0x9000bf88   0x00000074   Code   RO         5282    i.lcd_writereg      lcd.o
    0x9000bffc   0x9000bffc   0x000005a4   Code   RO           21    i.main              main.o
    0x9000c5a0   0x9000c5a0   0x0000003a   Code   RO         7957    i.nl_func_array_integer  NetworkRuntime710_CM7_Keil.lib(layers_nl_stm32_integer.o)
    0x9000c5da   0x9000c5da   0x00000002   PAD
    0x9000c5dc   0x9000c5dc   0x00000090   Code   RO         5731    i.ov2640_init       ov2640.o
    0x9000c66c   0x9000c66c   0x00000014   Code   RO         5799    i.ov5640_RD_Reg     ov5640.o
    0x9000c680   0x9000c680   0x00000014   Code   RO         5800    i.ov5640_WR_Reg     ov5640.o
    0x9000c694   0x9000c694   0x00000054   Code   RO         5801    i.ov5640_init       ov5640.o
    0x9000c6e8   0x9000c6e8   0x00000050   Code   RO         5802    i.ov5640_reset      ov5640.o
    0x9000c738   0x9000c738   0x000003f4   Code   RO         5803    i.ov5640_set_framesize  ov5640.o
    0x9000cb2c   0x9000cb2c   0x00000150   Code   RO         5804    i.ov5640_set_pixformat  ov5640.o
    0x9000cc7c   0x9000cc7c   0x00000014   Code   RO         5988    i.ov7725_RD_Reg     ov7725.o
    0x9000cc90   0x9000cc90   0x00000014   Code   RO         5989    i.ov7725_WR_Reg     ov7725.o
    0x9000cca4   0x9000cca4   0x0000008c   Code   RO         5990    i.ov7725_init       ov7725.o
    0x9000cd30   0x9000cd30   0x00000134   Code   RO         5991    i.ov7725_set_framesize  ov7725.o
    0x9000ce64   0x9000ce64   0x00000068   Code   RO         5992    i.ov7725_set_pixformat  ov7725.o
    0x9000cecc   0x9000cecc   0x000000d4   Code   RO         7986    i.pool_func_mp_array_integer_INT8  NetworkRuntime710_CM7_Keil.lib(layers_pool_stm32_integer.o)
    0x9000cfa0   0x9000cfa0   0x00000020   Code   RO           22    i.sigmoid           main.o
    0x9000cfc0   0x9000cfc0   0x0000000e   Code   RO         5589    i.st7735_read_reg   st7735_reg.o
    0x9000cfce   0x9000cfce   0x0000000e   Code   RO         5590    i.st7735_recv_data  st7735_reg.o
    0x9000cfdc   0x9000cfdc   0x0000000e   Code   RO         5591    i.st7735_send_data  st7735_reg.o
    0x9000cfea   0x9000cfea   0x0000000e   Code   RO         5592    i.st7735_write_reg  st7735_reg.o
    0x9000cff8   0x9000cff8   0x00000050   Code   RO         8644    i.st_dsp_arm_copy_q7  NetworkRuntime710_CM7_Keil.lib(arm_copy_q7.o)
    0x9000d048   0x9000d048   0x00000030   Code   RO         8652    i.st_dsp_arm_fill_q15  NetworkRuntime710_CM7_Keil.lib(arm_fill_q15.o)
    0x9000d078   0x9000d078   0x0000025c   Code   RO         8395    i.st_int8_maxpool   NetworkRuntime710_CM7_Keil.lib(st_int8_pool.o)
    0x9000d2d4   0x9000d2d4   0x00000250   Code   RO         8632    i.st_int8_to16_dual  NetworkRuntime710_CM7_Keil.lib(st_int8_to16_no_shift.o)
    0x9000d524   0x9000d524   0x000000ea   Code   RO         8633    i.st_int8_to16_no_shift  NetworkRuntime710_CM7_Keil.lib(st_int8_to16_no_shift.o)
    0x9000d60e   0x9000d60e   0x00000002   PAD
    0x9000d610   0x9000d610   0x0000010a   Code   RO         8188    i.st_sssa8_ch_conv_dw_Wadapt  NetworkRuntime710_CM7_Keil.lib(st_sssa8_ch_convolve_dw.o)
    0x9000d71a   0x9000d71a   0x00000002   PAD
    0x9000d71c   0x9000d71c   0x00000752   Code   RO         8167    i.st_sssa8_ch_convolve  NetworkRuntime710_CM7_Keil.lib(st_sssa8_ch_convolve.o)
    0x9000de6e   0x9000de6e   0x000000d8   Code   RO         8178    i.st_sssa8_ch_convolve_1x1  NetworkRuntime710_CM7_Keil.lib(st_sssa8_ch_convolve_1x1.o)
    0x9000df46   0x9000df46   0x0000002e   Code   RO         8179    i.st_sssa8_ch_convolve_1x1_WeightsPrefetch  NetworkRuntime710_CM7_Keil.lib(st_sssa8_ch_convolve_1x1.o)
    0x9000df74   0x9000df74   0x00000818   Code   RO         8189    i.st_sssa8_ch_convolve_dw  NetworkRuntime710_CM7_Keil.lib(st_sssa8_ch_convolve_dw.o)
    0x9000e78c   0x9000e78c   0x000000ac   Code   RO         8168    i.st_sssa8_ch_convolve_rank1upd  NetworkRuntime710_CM7_Keil.lib(st_sssa8_ch_convolve.o)
    0x9000e838   0x9000e838   0x0000056e   Code   RO         8199    i.st_sssa8_ch_convolve_rgb  NetworkRuntime710_CM7_Keil.lib(st_sssa8_ch_convolve_rgb.o)
    0x9000eda6   0x9000eda6   0x00000002   PAD
    0x9000eda8   0x9000eda8   0x000001aa   Code   RO         8500    i.st_sssa8_ch_fullW_prefetch  NetworkRuntime710_CM7_Keil.lib(st_sssa8_ch_nn_mat_mult_nt_t.o)
    0x9000ef52   0x9000ef52   0x00000002   PAD
    0x9000ef54   0x9000ef54   0x00000620   Code   RO         8492    i.st_sssa8_ch_nn_mat_mult_kernel  NetworkRuntime710_CM7_Keil.lib(st_sssa8_ch_nn_mat_mult_kernel.o)
    0x9000f574   0x9000f574   0x00000516   Code   RO         8510    i.st_sssa8_ch_nn_mat_mult_kernel_opt  NetworkRuntime710_CM7_Keil.lib(st_sssa8_ch_nn_mat_mult_kernel_opt.o)
    0x9000fa8a   0x9000fa8a   0x00000002   PAD
    0x9000fa8c   0x9000fa8c   0x00000376   Code   RO         8511    i.st_sssa8_ch_nn_mat_mult_kernel_single_opt  NetworkRuntime710_CM7_Keil.lib(st_sssa8_ch_nn_mat_mult_kernel_opt.o)
    0x9000fe02   0x9000fe02   0x00000002   PAD
    0x9000fe04   0x9000fe04   0x000007fa   Code   RO         8501    i.st_sssa8_ch_nn_mat_mult_nt_t  NetworkRuntime710_CM7_Keil.lib(st_sssa8_ch_nn_mat_mult_nt_t.o)
    0x900105fe   0x900105fe   0x00000002   PAD
    0x90010600   0x90010600   0x00000040   Code   RO         8614    i.st_uint8_fill     NetworkRuntime710_CM7_Keil.lib(st_uint8_fill.o)
    0x90010640   0x90010640   0x00000024   Code   RO         5732    i.wrSensorRegs      ov2640.o
    0x90010664   0x90010664   0x000003e8   Code   RO         6084    i.yoloface_configure_activations  yoloface.o
    0x90010a4c   0x90010a4c   0x000005ae   Code   RO         6085    i.yoloface_configure_weights  yoloface.o
    0x90010ffa   0x90010ffa   0x00000002   PAD
    0x90010ffc   0x90010ffc   0x00000004   Data   RO           25    .constdata          main.o
    0x90011000   0x90011000   0x00000008   Data   RO         1633    .constdata          stm32h7xx_hal_dma.o
    0x90011008   0x90011008   0x00000018   Data   RO         4764    .constdata          stm32h7xx_hal_uart.o
    0x90011020   0x90011020   0x00000010   Data   RO         5129    .constdata          stm32h7xx_hal_uart_ex.o
    0x90011030   0x90011030   0x00000010   Data   RO         5229    .constdata          system_stm32h7xx.o
    0x90011040   0x90011040   0x00000a64   Data   RO         5287    .constdata          lcd.o
    0x90011aa4   0x90011aa4   0x00000084   Data   RO         5632    .constdata          camera.o
    0x90011b28   0x90011b28   0x00000041   Data   RO         5733    .constdata          ov2640.o
    0x90011b69   0x90011b69   0x00000174   Data   RO         5781    .constdata          ov2640_regs.o
    0x90011cdd   0x90011cdd   0x00000046   Data   RO         5782    .constdata          ov2640_regs.o
    0x90011d23   0x90011d23   0x00000046   Data   RO         5783    .constdata          ov2640_regs.o
    0x90011d69   0x90011d69   0x00000357   Data   RO         5855    .constdata          ov5640_regs.o
    0x900120c0   0x900120c0   0x00000014   Data   RO         5959    .constdata          ov7670_regs.o
    0x900120d4   0x900120d4   0x0000001a   Data   RO         5961    .constdata          ov7670_regs.o
    0x900120ee   0x900120ee   0x0000011a   Data   RO         5963    .constdata          ov7670_regs.o
    0x90012208   0x90012208   0x00000090   Data   RO         6033    .constdata          ov7725_regs.o
    0x90012298   0x90012298   0x00000004   Data   RO         6106    .constdata          yoloface.o
    0x9001229c   0x9001229c   0x00000001   Data   RO         6107    .constdata          yoloface.o
    0x9001229d   0x9001229d   0x00000003   PAD
    0x900122a0   0x900122a0   0x00000008   Data   RO         6108    .constdata          yoloface.o
    0x900122a8   0x900122a8   0x00000004   Data   RO         6109    .constdata          yoloface.o
    0x900122ac   0x900122ac   0x00000001   Data   RO         6110    .constdata          yoloface.o
    0x900122ad   0x900122ad   0x00000003   PAD
    0x900122b0   0x900122b0   0x00000008   Data   RO         6111    .constdata          yoloface.o
    0x900122b8   0x900122b8   0x00000004   Data   RO         6112    .constdata          yoloface.o
    0x900122bc   0x900122bc   0x00000001   Data   RO         6113    .constdata          yoloface.o
    0x900122bd   0x900122bd   0x00000003   PAD
    0x900122c0   0x900122c0   0x00000008   Data   RO         6114    .constdata          yoloface.o
    0x900122c8   0x900122c8   0x00000004   Data   RO         6115    .constdata          yoloface.o
    0x900122cc   0x900122cc   0x00000001   Data   RO         6116    .constdata          yoloface.o
    0x900122cd   0x900122cd   0x00000003   PAD
    0x900122d0   0x900122d0   0x00000008   Data   RO         6117    .constdata          yoloface.o
    0x900122d8   0x900122d8   0x00000004   Data   RO         6118    .constdata          yoloface.o
    0x900122dc   0x900122dc   0x00000001   Data   RO         6119    .constdata          yoloface.o
    0x900122dd   0x900122dd   0x00000003   PAD
    0x900122e0   0x900122e0   0x00000008   Data   RO         6120    .constdata          yoloface.o
    0x900122e8   0x900122e8   0x00000004   Data   RO         6121    .constdata          yoloface.o
    0x900122ec   0x900122ec   0x00000001   Data   RO         6122    .constdata          yoloface.o
    0x900122ed   0x900122ed   0x00000003   PAD
    0x900122f0   0x900122f0   0x00000008   Data   RO         6123    .constdata          yoloface.o
    0x900122f8   0x900122f8   0x00000004   Data   RO         6124    .constdata          yoloface.o
    0x900122fc   0x900122fc   0x00000001   Data   RO         6125    .constdata          yoloface.o
    0x900122fd   0x900122fd   0x00000003   PAD
    0x90012300   0x90012300   0x00000008   Data   RO         6126    .constdata          yoloface.o
    0x90012308   0x90012308   0x00000004   Data   RO         6127    .constdata          yoloface.o
    0x9001230c   0x9001230c   0x00000001   Data   RO         6128    .constdata          yoloface.o
    0x9001230d   0x9001230d   0x00000003   PAD
    0x90012310   0x90012310   0x00000008   Data   RO         6129    .constdata          yoloface.o
    0x90012318   0x90012318   0x00000004   Data   RO         6130    .constdata          yoloface.o
    0x9001231c   0x9001231c   0x00000001   Data   RO         6131    .constdata          yoloface.o
    0x9001231d   0x9001231d   0x00000003   PAD
    0x90012320   0x90012320   0x00000008   Data   RO         6132    .constdata          yoloface.o
    0x90012328   0x90012328   0x00000004   Data   RO         6133    .constdata          yoloface.o
    0x9001232c   0x9001232c   0x00000001   Data   RO         6134    .constdata          yoloface.o
    0x9001232d   0x9001232d   0x00000003   PAD
    0x90012330   0x90012330   0x00000008   Data   RO         6135    .constdata          yoloface.o
    0x90012338   0x90012338   0x00000004   Data   RO         6136    .constdata          yoloface.o
    0x9001233c   0x9001233c   0x00000001   Data   RO         6137    .constdata          yoloface.o
    0x9001233d   0x9001233d   0x00000003   PAD
    0x90012340   0x90012340   0x00000008   Data   RO         6138    .constdata          yoloface.o
    0x90012348   0x90012348   0x00000004   Data   RO         6139    .constdata          yoloface.o
    0x9001234c   0x9001234c   0x00000001   Data   RO         6140    .constdata          yoloface.o
    0x9001234d   0x9001234d   0x00000003   PAD
    0x90012350   0x90012350   0x00000008   Data   RO         6141    .constdata          yoloface.o
    0x90012358   0x90012358   0x00000004   Data   RO         6142    .constdata          yoloface.o
    0x9001235c   0x9001235c   0x00000001   Data   RO         6143    .constdata          yoloface.o
    0x9001235d   0x9001235d   0x00000003   PAD
    0x90012360   0x90012360   0x00000008   Data   RO         6144    .constdata          yoloface.o
    0x90012368   0x90012368   0x00000004   Data   RO         6145    .constdata          yoloface.o
    0x9001236c   0x9001236c   0x00000001   Data   RO         6146    .constdata          yoloface.o
    0x9001236d   0x9001236d   0x00000003   PAD
    0x90012370   0x90012370   0x00000008   Data   RO         6147    .constdata          yoloface.o
    0x90012378   0x90012378   0x00000004   Data   RO         6148    .constdata          yoloface.o
    0x9001237c   0x9001237c   0x00000001   Data   RO         6149    .constdata          yoloface.o
    0x9001237d   0x9001237d   0x00000003   PAD
    0x90012380   0x90012380   0x00000008   Data   RO         6150    .constdata          yoloface.o
    0x90012388   0x90012388   0x00000004   Data   RO         6151    .constdata          yoloface.o
    0x9001238c   0x9001238c   0x00000001   Data   RO         6152    .constdata          yoloface.o
    0x9001238d   0x9001238d   0x00000003   PAD
    0x90012390   0x90012390   0x00000008   Data   RO         6153    .constdata          yoloface.o
    0x90012398   0x90012398   0x00000004   Data   RO         6154    .constdata          yoloface.o
    0x9001239c   0x9001239c   0x00000001   Data   RO         6155    .constdata          yoloface.o
    0x9001239d   0x9001239d   0x00000003   PAD
    0x900123a0   0x900123a0   0x00000008   Data   RO         6156    .constdata          yoloface.o
    0x900123a8   0x900123a8   0x00000004   Data   RO         6157    .constdata          yoloface.o
    0x900123ac   0x900123ac   0x00000001   Data   RO         6158    .constdata          yoloface.o
    0x900123ad   0x900123ad   0x00000003   PAD
    0x900123b0   0x900123b0   0x00000008   Data   RO         6159    .constdata          yoloface.o
    0x900123b8   0x900123b8   0x00000004   Data   RO         6160    .constdata          yoloface.o
    0x900123bc   0x900123bc   0x00000001   Data   RO         6161    .constdata          yoloface.o
    0x900123bd   0x900123bd   0x00000003   PAD
    0x900123c0   0x900123c0   0x00000008   Data   RO         6162    .constdata          yoloface.o
    0x900123c8   0x900123c8   0x00000004   Data   RO         6163    .constdata          yoloface.o
    0x900123cc   0x900123cc   0x00000001   Data   RO         6164    .constdata          yoloface.o
    0x900123cd   0x900123cd   0x00000003   PAD
    0x900123d0   0x900123d0   0x00000008   Data   RO         6165    .constdata          yoloface.o
    0x900123d8   0x900123d8   0x00000004   Data   RO         6166    .constdata          yoloface.o
    0x900123dc   0x900123dc   0x00000001   Data   RO         6167    .constdata          yoloface.o
    0x900123dd   0x900123dd   0x00000003   PAD
    0x900123e0   0x900123e0   0x00000008   Data   RO         6168    .constdata          yoloface.o
    0x900123e8   0x900123e8   0x00000004   Data   RO         6169    .constdata          yoloface.o
    0x900123ec   0x900123ec   0x00000001   Data   RO         6170    .constdata          yoloface.o
    0x900123ed   0x900123ed   0x00000003   PAD
    0x900123f0   0x900123f0   0x00000008   Data   RO         6171    .constdata          yoloface.o
    0x900123f8   0x900123f8   0x00000004   Data   RO         6172    .constdata          yoloface.o
    0x900123fc   0x900123fc   0x00000001   Data   RO         6173    .constdata          yoloface.o
    0x900123fd   0x900123fd   0x00000003   PAD
    0x90012400   0x90012400   0x00000008   Data   RO         6174    .constdata          yoloface.o
    0x90012408   0x90012408   0x00000004   Data   RO         6175    .constdata          yoloface.o
    0x9001240c   0x9001240c   0x00000001   Data   RO         6176    .constdata          yoloface.o
    0x9001240d   0x9001240d   0x00000003   PAD
    0x90012410   0x90012410   0x00000008   Data   RO         6177    .constdata          yoloface.o
    0x90012418   0x90012418   0x00000004   Data   RO         6178    .constdata          yoloface.o
    0x9001241c   0x9001241c   0x00000001   Data   RO         6179    .constdata          yoloface.o
    0x9001241d   0x9001241d   0x00000003   PAD
    0x90012420   0x90012420   0x00000008   Data   RO         6180    .constdata          yoloface.o
    0x90012428   0x90012428   0x00000004   Data   RO         6181    .constdata          yoloface.o
    0x9001242c   0x9001242c   0x00000001   Data   RO         6182    .constdata          yoloface.o
    0x9001242d   0x9001242d   0x00000003   PAD
    0x90012430   0x90012430   0x00000008   Data   RO         6183    .constdata          yoloface.o
    0x90012438   0x90012438   0x00000004   Data   RO         6184    .constdata          yoloface.o
    0x9001243c   0x9001243c   0x00000001   Data   RO         6185    .constdata          yoloface.o
    0x9001243d   0x9001243d   0x00000003   PAD
    0x90012440   0x90012440   0x00000008   Data   RO         6186    .constdata          yoloface.o
    0x90012448   0x90012448   0x00000004   Data   RO         6187    .constdata          yoloface.o
    0x9001244c   0x9001244c   0x00000001   Data   RO         6188    .constdata          yoloface.o
    0x9001244d   0x9001244d   0x00000003   PAD
    0x90012450   0x90012450   0x00000008   Data   RO         6189    .constdata          yoloface.o
    0x90012458   0x90012458   0x00000004   Data   RO         6190    .constdata          yoloface.o
    0x9001245c   0x9001245c   0x00000001   Data   RO         6191    .constdata          yoloface.o
    0x9001245d   0x9001245d   0x00000003   PAD
    0x90012460   0x90012460   0x00000008   Data   RO         6192    .constdata          yoloface.o
    0x90012468   0x90012468   0x00000004   Data   RO         6193    .constdata          yoloface.o
    0x9001246c   0x9001246c   0x00000001   Data   RO         6194    .constdata          yoloface.o
    0x9001246d   0x9001246d   0x00000003   PAD
    0x90012470   0x90012470   0x00000008   Data   RO         6195    .constdata          yoloface.o
    0x90012478   0x90012478   0x00000004   Data   RO         6196    .constdata          yoloface.o
    0x9001247c   0x9001247c   0x00000001   Data   RO         6197    .constdata          yoloface.o
    0x9001247d   0x9001247d   0x00000003   PAD
    0x90012480   0x90012480   0x00000008   Data   RO         6198    .constdata          yoloface.o
    0x90012488   0x90012488   0x00000004   Data   RO         6199    .constdata          yoloface.o
    0x9001248c   0x9001248c   0x00000001   Data   RO         6200    .constdata          yoloface.o
    0x9001248d   0x9001248d   0x00000003   PAD
    0x90012490   0x90012490   0x00000008   Data   RO         6201    .constdata          yoloface.o
    0x90012498   0x90012498   0x00000020   Data   RO         6202    .constdata          yoloface.o
    0x900124b8   0x900124b8   0x00000008   Data   RO         6203    .constdata          yoloface.o
    0x900124c0   0x900124c0   0x00000008   Data   RO         6204    .constdata          yoloface.o
    0x900124c8   0x900124c8   0x00000020   Data   RO         6205    .constdata          yoloface.o
    0x900124e8   0x900124e8   0x00000008   Data   RO         6206    .constdata          yoloface.o
    0x900124f0   0x900124f0   0x00000008   Data   RO         6207    .constdata          yoloface.o
    0x900124f8   0x900124f8   0x00000010   Data   RO         6208    .constdata          yoloface.o
    0x90012508   0x90012508   0x00000004   Data   RO         6209    .constdata          yoloface.o
    0x9001250c   0x9001250c   0x00000008   Data   RO         6210    .constdata          yoloface.o
    0x90012514   0x90012514   0x00000048   Data   RO         6211    .constdata          yoloface.o
    0x9001255c   0x9001255c   0x00000012   Data   RO         6212    .constdata          yoloface.o
    0x9001256e   0x9001256e   0x00000002   PAD
    0x90012570   0x90012570   0x00000008   Data   RO         6213    .constdata          yoloface.o
    0x90012578   0x90012578   0x00000048   Data   RO         6214    .constdata          yoloface.o
    0x900125c0   0x900125c0   0x00000012   Data   RO         6215    .constdata          yoloface.o
    0x900125d2   0x900125d2   0x00000002   PAD
    0x900125d4   0x900125d4   0x00000008   Data   RO         6216    .constdata          yoloface.o
    0x900125dc   0x900125dc   0x00000018   Data   RO         6217    .constdata          yoloface.o
    0x900125f4   0x900125f4   0x00000006   Data   RO         6218    .constdata          yoloface.o
    0x900125fa   0x900125fa   0x00000002   PAD
    0x900125fc   0x900125fc   0x00000008   Data   RO         6219    .constdata          yoloface.o
    0x90012604   0x90012604   0x00000090   Data   RO         6220    .constdata          yoloface.o
    0x90012694   0x90012694   0x00000024   Data   RO         6221    .constdata          yoloface.o
    0x900126b8   0x900126b8   0x00000008   Data   RO         6222    .constdata          yoloface.o
    0x900126c0   0x900126c0   0x00000090   Data   RO         6223    .constdata          yoloface.o
    0x90012750   0x90012750   0x00000024   Data   RO         6224    .constdata          yoloface.o
    0x90012774   0x90012774   0x00000008   Data   RO         6225    .constdata          yoloface.o
    0x9001277c   0x9001277c   0x00000018   Data   RO         6226    .constdata          yoloface.o
    0x90012794   0x90012794   0x00000006   Data   RO         6227    .constdata          yoloface.o
    0x9001279a   0x9001279a   0x00000002   PAD
    0x9001279c   0x9001279c   0x00000008   Data   RO         6228    .constdata          yoloface.o
    0x900127a4   0x900127a4   0x00000048   Data   RO         6229    .constdata          yoloface.o
    0x900127ec   0x900127ec   0x00000012   Data   RO         6230    .constdata          yoloface.o
    0x900127fe   0x900127fe   0x00000002   PAD
    0x90012800   0x90012800   0x00000008   Data   RO         6231    .constdata          yoloface.o
    0x90012808   0x90012808   0x00000060   Data   RO         6232    .constdata          yoloface.o
    0x90012868   0x90012868   0x00000018   Data   RO         6233    .constdata          yoloface.o
    0x90012880   0x90012880   0x00000008   Data   RO         6234    .constdata          yoloface.o
    0x90012888   0x90012888   0x00000060   Data   RO         6235    .constdata          yoloface.o
    0x900128e8   0x900128e8   0x00000018   Data   RO         6236    .constdata          yoloface.o
    0x90012900   0x90012900   0x00000008   Data   RO         6237    .constdata          yoloface.o
    0x90012908   0x90012908   0x00000020   Data   RO         6238    .constdata          yoloface.o
    0x90012928   0x90012928   0x00000008   Data   RO         6239    .constdata          yoloface.o
    0x90012930   0x90012930   0x00000008   Data   RO         6240    .constdata          yoloface.o
    0x90012938   0x90012938   0x000000a0   Data   RO         6241    .constdata          yoloface.o
    0x900129d8   0x900129d8   0x00000028   Data   RO         6242    .constdata          yoloface.o
    0x90012a00   0x90012a00   0x00000008   Data   RO         6243    .constdata          yoloface.o
    0x90012a08   0x90012a08   0x000000a0   Data   RO         6244    .constdata          yoloface.o
    0x90012aa8   0x90012aa8   0x00000028   Data   RO         6245    .constdata          yoloface.o
    0x90012ad0   0x90012ad0   0x00000008   Data   RO         6246    .constdata          yoloface.o
    0x90012ad8   0x90012ad8   0x00000020   Data   RO         6247    .constdata          yoloface.o
    0x90012af8   0x90012af8   0x00000008   Data   RO         6248    .constdata          yoloface.o
    0x90012b00   0x90012b00   0x00000008   Data   RO         6249    .constdata          yoloface.o
    0x90012b08   0x90012b08   0x000000a0   Data   RO         6250    .constdata          yoloface.o
    0x90012ba8   0x90012ba8   0x00000028   Data   RO         6251    .constdata          yoloface.o
    0x90012bd0   0x90012bd0   0x00000008   Data   RO         6252    .constdata          yoloface.o
    0x90012bd8   0x90012bd8   0x000000a0   Data   RO         6253    .constdata          yoloface.o
    0x90012c78   0x90012c78   0x00000028   Data   RO         6254    .constdata          yoloface.o
    0x90012ca0   0x90012ca0   0x00000008   Data   RO         6255    .constdata          yoloface.o
    0x90012ca8   0x90012ca8   0x00000020   Data   RO         6256    .constdata          yoloface.o
    0x90012cc8   0x90012cc8   0x00000008   Data   RO         6257    .constdata          yoloface.o
    0x90012cd0   0x90012cd0   0x00000008   Data   RO         6258    .constdata          yoloface.o
    0x90012cd8   0x90012cd8   0x00000060   Data   RO         6259    .constdata          yoloface.o
    0x90012d38   0x90012d38   0x00000018   Data   RO         6260    .constdata          yoloface.o
    0x90012d50   0x90012d50   0x00000008   Data   RO         6261    .constdata          yoloface.o
    0x90012d58   0x90012d58   0x000000a0   Data   RO         6262    .constdata          yoloface.o
    0x90012df8   0x90012df8   0x00000028   Data   RO         6263    .constdata          yoloface.o
    0x90012e20   0x90012e20   0x00000008   Data   RO         6264    .constdata          yoloface.o
    0x90012e28   0x90012e28   0x000000a0   Data   RO         6265    .constdata          yoloface.o
    0x90012ec8   0x90012ec8   0x00000028   Data   RO         6266    .constdata          yoloface.o
    0x90012ef0   0x90012ef0   0x00000008   Data   RO         6267    .constdata          yoloface.o
    0x90012ef8   0x90012ef8   0x00000080   Data   RO         6268    .constdata          yoloface.o
    0x90012f78   0x90012f78   0x00000020   Data   RO         6269    .constdata          yoloface.o
    0x90012f98   0x90012f98   0x00000008   Data   RO         6270    .constdata          yoloface.o
    0x90012fa0   0x90012fa0   0x00000048   Data   RO         6271    .constdata          yoloface.o
    0x90012fe8   0x90012fe8   0x00000012   Data   RO         6272    .constdata          yoloface.o
    0x90012ffa   0x90012ffa   0x00000002   PAD
    0x90012ffc   0x90012ffc   0x00000008   Data   RO         6273    .constdata          yoloface.o
    0x90013004   0x90013004   0x00000004   Data   RO         6274    .constdata          yoloface.o
    0x90013008   0x90013008   0x00000001   Data   RO         6275    .constdata          yoloface.o
    0x90013009   0x90013009   0x00000003   PAD
    0x9001300c   0x9001300c   0x00000008   Data   RO         6276    .constdata          yoloface.o
    0x90013014   0x90013014   0x00000004   Data   RO         6277    .constdata          yoloface.o
    0x90013018   0x90013018   0x00000001   Data   RO         6278    .constdata          yoloface.o
    0x90013019   0x90013019   0x00000003   PAD
    0x9001301c   0x9001301c   0x00000008   Data   RO         6279    .constdata          yoloface.o
    0x90013024   0x90013024   0x00000004   Data   RO         6280    .constdata          yoloface.o
    0x90013028   0x90013028   0x00000001   Data   RO         6281    .constdata          yoloface.o
    0x90013029   0x90013029   0x00000003   PAD
    0x9001302c   0x9001302c   0x00000008   Data   RO         6282    .constdata          yoloface.o
    0x90013034   0x90013034   0x00000004   Data   RO         6283    .constdata          yoloface.o
    0x90013038   0x90013038   0x00000001   Data   RO         6284    .constdata          yoloface.o
    0x90013039   0x90013039   0x00000003   PAD
    0x9001303c   0x9001303c   0x00000008   Data   RO         6285    .constdata          yoloface.o
    0x90013044   0x90013044   0x00000004   Data   RO         6286    .constdata          yoloface.o
    0x90013048   0x90013048   0x00000001   Data   RO         6287    .constdata          yoloface.o
    0x90013049   0x90013049   0x00000003   PAD
    0x9001304c   0x9001304c   0x00000008   Data   RO         6288    .constdata          yoloface.o
    0x90013054   0x90013054   0x00000004   Data   RO         6289    .constdata          yoloface.o
    0x90013058   0x90013058   0x00000001   Data   RO         6290    .constdata          yoloface.o
    0x90013059   0x90013059   0x00000003   PAD
    0x9001305c   0x9001305c   0x00000008   Data   RO         6291    .constdata          yoloface.o
    0x90013064   0x90013064   0x00000004   Data   RO         6292    .constdata          yoloface.o
    0x90013068   0x90013068   0x00000001   Data   RO         6293    .constdata          yoloface.o
    0x90013069   0x90013069   0x00000003   PAD
    0x9001306c   0x9001306c   0x00000008   Data   RO         6294    .constdata          yoloface.o
    0x90013074   0x90013074   0x00000004   Data   RO         6295    .constdata          yoloface.o
    0x90013078   0x90013078   0x00000001   Data   RO         6296    .constdata          yoloface.o
    0x90013079   0x90013079   0x00000003   PAD
    0x9001307c   0x9001307c   0x00000008   Data   RO         6297    .constdata          yoloface.o
    0x90013084   0x90013084   0x00000004   Data   RO         6298    .constdata          yoloface.o
    0x90013088   0x90013088   0x00000001   Data   RO         6299    .constdata          yoloface.o
    0x90013089   0x90013089   0x00000003   PAD
    0x9001308c   0x9001308c   0x00000008   Data   RO         6300    .constdata          yoloface.o
    0x90013094   0x90013094   0x00000004   Data   RO         6301    .constdata          yoloface.o
    0x90013098   0x90013098   0x00000001   Data   RO         6302    .constdata          yoloface.o
    0x90013099   0x90013099   0x00000003   PAD
    0x9001309c   0x9001309c   0x00000008   Data   RO         6303    .constdata          yoloface.o
    0x900130a4   0x900130a4   0x00000004   Data   RO         6304    .constdata          yoloface.o
    0x900130a8   0x900130a8   0x00000001   Data   RO         6305    .constdata          yoloface.o
    0x900130a9   0x900130a9   0x00000003   PAD
    0x900130ac   0x900130ac   0x00000008   Data   RO         6306    .constdata          yoloface.o
    0x900130b4   0x900130b4   0x00000004   Data   RO         6307    .constdata          yoloface.o
    0x900130b8   0x900130b8   0x00000001   Data   RO         6308    .constdata          yoloface.o
    0x900130b9   0x900130b9   0x00000003   PAD
    0x900130bc   0x900130bc   0x00000008   Data   RO         6309    .constdata          yoloface.o
    0x900130c4   0x900130c4   0x00000004   Data   RO         6310    .constdata          yoloface.o
    0x900130c8   0x900130c8   0x00000001   Data   RO         6311    .constdata          yoloface.o
    0x900130c9   0x900130c9   0x00000003   PAD
    0x900130cc   0x900130cc   0x00000008   Data   RO         6312    .constdata          yoloface.o
    0x900130d4   0x900130d4   0x00000004   Data   RO         6313    .constdata          yoloface.o
    0x900130d8   0x900130d8   0x00000001   Data   RO         6314    .constdata          yoloface.o
    0x900130d9   0x900130d9   0x00000003   PAD
    0x900130dc   0x900130dc   0x00000008   Data   RO         6315    .constdata          yoloface.o
    0x900130e4   0x900130e4   0x00000004   Data   RO         6316    .constdata          yoloface.o
    0x900130e8   0x900130e8   0x00000001   Data   RO         6317    .constdata          yoloface.o
    0x900130e9   0x900130e9   0x00000003   PAD
    0x900130ec   0x900130ec   0x00000008   Data   RO         6318    .constdata          yoloface.o
    0x900130f4   0x900130f4   0x00000004   Data   RO         6319    .constdata          yoloface.o
    0x900130f8   0x900130f8   0x00000001   Data   RO         6320    .constdata          yoloface.o
    0x900130f9   0x900130f9   0x00000003   PAD
    0x900130fc   0x900130fc   0x00000008   Data   RO         6321    .constdata          yoloface.o
    0x90013104   0x90013104   0x00000004   Data   RO         6322    .constdata          yoloface.o
    0x90013108   0x90013108   0x00000001   Data   RO         6323    .constdata          yoloface.o
    0x90013109   0x90013109   0x00000003   PAD
    0x9001310c   0x9001310c   0x00000008   Data   RO         6324    .constdata          yoloface.o
    0x90013114   0x90013114   0x00000008   Data   RO         6325    .constdata          yoloface.o
    0x9001311c   0x9001311c   0x00000008   Data   RO         6326    .constdata          yoloface.o
    0x90013124   0x90013124   0x00000008   Data   RO         6327    .constdata          yoloface.o
    0x9001312c   0x9001312c   0x00000008   Data   RO         6328    .constdata          yoloface.o
    0x90013134   0x90013134   0x00000008   Data   RO         6329    .constdata          yoloface.o
    0x9001313c   0x9001313c   0x00000008   Data   RO         6330    .constdata          yoloface.o
    0x90013144   0x90013144   0x00000008   Data   RO         6331    .constdata          yoloface.o
    0x9001314c   0x9001314c   0x00000008   Data   RO         6332    .constdata          yoloface.o
    0x90013154   0x90013154   0x00000008   Data   RO         6333    .constdata          yoloface.o
    0x9001315c   0x9001315c   0x00000008   Data   RO         6334    .constdata          yoloface.o
    0x90013164   0x90013164   0x00000008   Data   RO         6335    .constdata          yoloface.o
    0x9001316c   0x9001316c   0x00000008   Data   RO         6336    .constdata          yoloface.o
    0x90013174   0x90013174   0x00000008   Data   RO         6337    .constdata          yoloface.o
    0x9001317c   0x9001317c   0x00000008   Data   RO         6338    .constdata          yoloface.o
    0x90013184   0x90013184   0x00000008   Data   RO         6339    .constdata          yoloface.o
    0x9001318c   0x9001318c   0x00000008   Data   RO         6340    .constdata          yoloface.o
    0x90013194   0x90013194   0x00000008   Data   RO         6341    .constdata          yoloface.o
    0x9001319c   0x9001319c   0x00000008   Data   RO         6342    .constdata          yoloface.o
    0x900131a4   0x900131a4   0x00000008   Data   RO         6343    .constdata          yoloface.o
    0x900131ac   0x900131ac   0x00000008   Data   RO         6344    .constdata          yoloface.o
    0x900131b4   0x900131b4   0x00000008   Data   RO         6345    .constdata          yoloface.o
    0x900131bc   0x900131bc   0x00000008   Data   RO         6346    .constdata          yoloface.o
    0x900131c4   0x900131c4   0x00000008   Data   RO         6347    .constdata          yoloface.o
    0x900131cc   0x900131cc   0x00000008   Data   RO         6348    .constdata          yoloface.o
    0x900131d4   0x900131d4   0x00000008   Data   RO         6349    .constdata          yoloface.o
    0x900131dc   0x900131dc   0x00000008   Data   RO         6350    .constdata          yoloface.o
    0x900131e4   0x900131e4   0x00000008   Data   RO         6351    .constdata          yoloface.o
    0x900131ec   0x900131ec   0x00000008   Data   RO         6352    .constdata          yoloface.o
    0x900131f4   0x900131f4   0x00000008   Data   RO         6353    .constdata          yoloface.o
    0x900131fc   0x900131fc   0x00000008   Data   RO         6354    .constdata          yoloface.o
    0x90013204   0x90013204   0x00000008   Data   RO         6355    .constdata          yoloface.o
    0x9001320c   0x9001320c   0x00000008   Data   RO         6356    .constdata          yoloface.o
    0x90013214   0x90013214   0x00000008   Data   RO         6357    .constdata          yoloface.o
    0x9001321c   0x9001321c   0x00000008   Data   RO         6358    .constdata          yoloface.o
    0x90013224   0x90013224   0x00000008   Data   RO         6359    .constdata          yoloface.o
    0x9001322c   0x9001322c   0x00000008   Data   RO         6360    .constdata          yoloface.o
    0x90013234   0x90013234   0x00000008   Data   RO         6361    .constdata          yoloface.o
    0x9001323c   0x9001323c   0x00000008   Data   RO         6362    .constdata          yoloface.o
    0x90013244   0x90013244   0x00000008   Data   RO         6363    .constdata          yoloface.o
    0x9001324c   0x9001324c   0x00000008   Data   RO         6364    .constdata          yoloface.o
    0x90013254   0x90013254   0x00000008   Data   RO         6365    .constdata          yoloface.o
    0x9001325c   0x9001325c   0x00000008   Data   RO         6366    .constdata          yoloface.o
    0x90013264   0x90013264   0x00000008   Data   RO         6367    .constdata          yoloface.o
    0x9001326c   0x9001326c   0x00000008   Data   RO         6368    .constdata          yoloface.o
    0x90013274   0x90013274   0x00000008   Data   RO         6369    .constdata          yoloface.o
    0x9001327c   0x9001327c   0x00000008   Data   RO         6370    .constdata          yoloface.o
    0x90013284   0x90013284   0x00000008   Data   RO         6371    .constdata          yoloface.o
    0x9001328c   0x9001328c   0x00000008   Data   RO         6372    .constdata          yoloface.o
    0x90013294   0x90013294   0x00000008   Data   RO         6373    .constdata          yoloface.o
    0x9001329c   0x9001329c   0x00000008   Data   RO         6374    .constdata          yoloface.o
    0x900132a4   0x900132a4   0x00000008   Data   RO         6375    .constdata          yoloface.o
    0x900132ac   0x900132ac   0x00000008   Data   RO         6376    .constdata          yoloface.o
    0x900132b4   0x900132b4   0x00000008   Data   RO         6377    .constdata          yoloface.o
    0x900132bc   0x900132bc   0x00000008   Data   RO         6378    .constdata          yoloface.o
    0x900132c4   0x900132c4   0x00000008   Data   RO         6379    .constdata          yoloface.o
    0x900132cc   0x900132cc   0x00000008   Data   RO         6380    .constdata          yoloface.o
    0x900132d4   0x900132d4   0x00000008   Data   RO         6381    .constdata          yoloface.o
    0x900132dc   0x900132dc   0x00000008   Data   RO         6382    .constdata          yoloface.o
    0x900132e4   0x900132e4   0x00000008   Data   RO         6383    .constdata          yoloface.o
    0x900132ec   0x900132ec   0x00000008   Data   RO         6384    .constdata          yoloface.o
    0x900132f4   0x900132f4   0x00000008   Data   RO         6385    .constdata          yoloface.o
    0x900132fc   0x900132fc   0x00000008   Data   RO         6386    .constdata          yoloface.o
    0x90013304   0x90013304   0x00000008   Data   RO         6387    .constdata          yoloface.o
    0x9001330c   0x9001330c   0x00000008   Data   RO         6388    .constdata          yoloface.o
    0x90013314   0x90013314   0x00000008   Data   RO         6389    .constdata          yoloface.o
    0x9001331c   0x9001331c   0x00000008   Data   RO         6390    .constdata          yoloface.o
    0x90013324   0x90013324   0x00000008   Data   RO         6391    .constdata          yoloface.o
    0x9001332c   0x9001332c   0x00000008   Data   RO         6392    .constdata          yoloface.o
    0x90013334   0x90013334   0x00000008   Data   RO         6393    .constdata          yoloface.o
    0x9001333c   0x9001333c   0x00000008   Data   RO         6394    .constdata          yoloface.o
    0x90013344   0x90013344   0x00000008   Data   RO         6395    .constdata          yoloface.o
    0x9001334c   0x9001334c   0x00000008   Data   RO         6396    .constdata          yoloface.o
    0x90013354   0x90013354   0x00000008   Data   RO         6397    .constdata          yoloface.o
    0x9001335c   0x9001335c   0x00000008   Data   RO         6398    .constdata          yoloface.o
    0x90013364   0x90013364   0x00000100   Data   RO         6399    .constdata          yoloface.o
    0x90013464   0x90013464   0x00000010   Data   RO         6400    .constdata          yoloface.o
    0x90013474   0x90013474   0x00000008   Data   RO         6401    .constdata          yoloface.o
    0x9001347c   0x9001347c   0x00000100   Data   RO         6402    .constdata          yoloface.o
    0x9001357c   0x9001357c   0x00000010   Data   RO         6403    .constdata          yoloface.o
    0x9001358c   0x9001358c   0x00000008   Data   RO         6404    .constdata          yoloface.o
    0x90013594   0x90013594   0x00000100   Data   RO         6405    .constdata          yoloface.o
    0x90013694   0x90013694   0x00000010   Data   RO         6406    .constdata          yoloface.o
    0x900136a4   0x900136a4   0x00000008   Data   RO         6407    .constdata          yoloface.o
    0x900136ac   0x900136ac   0x00000008   Data   RO         6408    .constdata          yoloface.o
    0x900136b4   0x900136b4   0x00000008   Data   RO         6409    .constdata          yoloface.o
    0x900136bc   0x900136bc   0x00000100   Data   RO         6410    .constdata          yoloface.o
    0x900137bc   0x900137bc   0x00000010   Data   RO         6411    .constdata          yoloface.o
    0x900137cc   0x900137cc   0x00000008   Data   RO         6412    .constdata          yoloface.o
    0x900137d4   0x900137d4   0x00000008   Data   RO         6413    .constdata          yoloface.o
    0x900137dc   0x900137dc   0x00000008   Data   RO         6414    .constdata          yoloface.o
    0x900137e4   0x900137e4   0x00000100   Data   RO         6415    .constdata          yoloface.o
    0x900138e4   0x900138e4   0x00000010   Data   RO         6416    .constdata          yoloface.o
    0x900138f4   0x900138f4   0x00000008   Data   RO         6417    .constdata          yoloface.o
    0x900138fc   0x900138fc   0x00000100   Data   RO         6418    .constdata          yoloface.o
    0x900139fc   0x900139fc   0x00000010   Data   RO         6419    .constdata          yoloface.o
    0x90013a0c   0x90013a0c   0x00000008   Data   RO         6420    .constdata          yoloface.o
    0x90013a14   0x90013a14   0x00000008   Data   RO         6421    .constdata          yoloface.o
    0x90013a1c   0x90013a1c   0x00000008   Data   RO         6422    .constdata          yoloface.o
    0x90013a24   0x90013a24   0x00000100   Data   RO         6423    .constdata          yoloface.o
    0x90013b24   0x90013b24   0x00000010   Data   RO         6424    .constdata          yoloface.o
    0x90013b34   0x90013b34   0x00000008   Data   RO         6425    .constdata          yoloface.o
    0x90013b3c   0x90013b3c   0x00000100   Data   RO         6426    .constdata          yoloface.o
    0x90013c3c   0x90013c3c   0x00000010   Data   RO         6427    .constdata          yoloface.o
    0x90013c4c   0x90013c4c   0x00000008   Data   RO         6428    .constdata          yoloface.o
    0x90013c54   0x90013c54   0x00000008   Data   RO         6429    .constdata          yoloface.o
    0x90013c5c   0x90013c5c   0x00000100   Data   RO         6430    .constdata          yoloface.o
    0x90013d5c   0x90013d5c   0x00000010   Data   RO         6431    .constdata          yoloface.o
    0x90013d6c   0x90013d6c   0x00000008   Data   RO         6432    .constdata          yoloface.o
    0x90013d74   0x90013d74   0x00000100   Data   RO         6433    .constdata          yoloface.o
    0x90013e74   0x90013e74   0x00000010   Data   RO         6434    .constdata          yoloface.o
    0x90013e84   0x90013e84   0x00000008   Data   RO         6435    .constdata          yoloface.o
    0x90013e8c   0x90013e8c   0x00000008   Data   RO         6436    .constdata          yoloface.o
    0x90013e94   0x90013e94   0x00000008   Data   RO         6437    .constdata          yoloface.o
    0x90013e9c   0x90013e9c   0x00000100   Data   RO         6438    .constdata          yoloface.o
    0x90013f9c   0x90013f9c   0x00000010   Data   RO         6439    .constdata          yoloface.o
    0x90013fac   0x90013fac   0x00000008   Data   RO         6440    .constdata          yoloface.o
    0x90013fb4   0x90013fb4   0x00000008   Data   RO         6441    .constdata          yoloface.o
    0x90013fbc   0x90013fbc   0x00000008   Data   RO         6442    .constdata          yoloface.o
    0x90013fc4   0x90013fc4   0x00000100   Data   RO         6443    .constdata          yoloface.o
    0x900140c4   0x900140c4   0x00000010   Data   RO         6444    .constdata          yoloface.o
    0x900140d4   0x900140d4   0x00000008   Data   RO         6445    .constdata          yoloface.o
    0x900140dc   0x900140dc   0x00000100   Data   RO         6446    .constdata          yoloface.o
    0x900141dc   0x900141dc   0x00000010   Data   RO         6447    .constdata          yoloface.o
    0x900141ec   0x900141ec   0x00000008   Data   RO         6448    .constdata          yoloface.o
    0x900141f4   0x900141f4   0x00000008   Data   RO         6449    .constdata          yoloface.o
    0x900141fc   0x900141fc   0x00000100   Data   RO         6450    .constdata          yoloface.o
    0x900142fc   0x900142fc   0x00000010   Data   RO         6451    .constdata          yoloface.o
    0x9001430c   0x9001430c   0x00000008   Data   RO         6452    .constdata          yoloface.o
    0x90014314   0x90014314   0x00000100   Data   RO         6453    .constdata          yoloface.o
    0x90014414   0x90014414   0x00000010   Data   RO         6454    .constdata          yoloface.o
    0x90014424   0x90014424   0x00000008   Data   RO         6455    .constdata          yoloface.o
    0x9001442c   0x9001442c   0x00000008   Data   RO         6456    .constdata          yoloface.o
    0x90014434   0x90014434   0x00000100   Data   RO         6457    .constdata          yoloface.o
    0x90014534   0x90014534   0x00000010   Data   RO         6458    .constdata          yoloface.o
    0x90014544   0x90014544   0x00000008   Data   RO         6459    .constdata          yoloface.o
    0x9001454c   0x9001454c   0x00000100   Data   RO         6460    .constdata          yoloface.o
    0x9001464c   0x9001464c   0x00000010   Data   RO         6461    .constdata          yoloface.o
    0x9001465c   0x9001465c   0x00000008   Data   RO         6462    .constdata          yoloface.o
    0x90014664   0x90014664   0x000000f8   Data   RO         6463    .constdata          yoloface.o
    0x9001475c   0x9001475c   0x00000004   PAD
    0x90014760   0x90014760   0x00002c28   Data   RO         7219    .constdata          yoloface_data.o
    0x90017388   0x90017388   0x00000074   Data   RO         7220    .constdata          yoloface_data.o
    0x900173fc   0x900173fc   0x0000006c   Data   RO         7317    .constdata          NetworkRuntime710_CM7_Keil.lib(ai_platform_interface.o)
    0x90017468   0x90017468   0x00000150   Data   RO         8013    .constdata          NetworkRuntime710_CM7_Keil.lib(layers_stm32_integer.o)
    0x900175b8   0x900175b8   0x0000001c   Data   RO         8104    .constdata          NetworkRuntime710_CM7_Keil.lib(core_utils.o)
    0x900175d4   0x900175d4   0x00000030   Data   RO         8672    .constdata          m_wv.l(expf.o)
    0x90017604   0x90017604   0x00000061   Data   RO         6464    .conststring        yoloface.o
    0x90017665   0x90017665   0x00000003   PAD
    0x90017668   0x90017668   0x00000040   Data   RO         9132    Region$$Table       anon$$obj.o



  Load Region LR_IROM1 (Base: 0x08000000, Size: 0x00000000, Max: 0x00020000, ABSOLUTE)

    Execution Region ER_IROM1 (Exec base: 0x08000000, Load base: 0x08000000, Size: 0x00000000, Max: 0x00020000, ABSOLUTE)

    **** No section assigned to this execution region ****


==============================================================================

Image component sizes


      Code (inc. data)   RO Data    RW Data    ZI Data      Debug   Object Name

       456         10        132          0         20       6619   camera.o
        88         18          0          0         36       1627   crc.o
       400         44          0          0        200       2048   dcmi.o
        44          4          0          0          0        882   dma.o
       240         18          0          0          0       1155   gpio.o
       220         24          0          0         76       1857   i2c.o
      1388        142       2660         52         56      11620   lcd.o
      2176        402          4         34      47299    1400333   main.o
       424         40         65          0          0       5434   ov2640.o
         0          0        512          0          0        882   ov2640_regs.o
      1624         56          0         10          0       8382   ov5640.o
         0          0        855          0          0        682   ov5640_regs.o
       340         22          0          0          0       3814   ov7670.o
         0          0        328          0          0        986   ov7670_regs.o
       592         22          0          0          0       4334   ov7725.o
         0          0        144          0          0        678   ov7725_regs.o
       228         22          0          0        136       1877   spi.o
      3246        110          0        108       1296      23484   st7735.o
        56          0          0          0          0       3047   st7735_reg.o
        36          8        664          0     411648        828   startup_stm32h750xx.o
       248         50          0         12          0      23911   stm32h7xx_hal.o
       354         28          0          0          0      41825   stm32h7xx_hal_cortex.o
       120          6          0          0          0       1271   stm32h7xx_hal_crc.o
        78          0          0          0          0       1383   stm32h7xx_hal_crc_ex.o
       880         22          0          0          0       7552   stm32h7xx_hal_dcmi.o
      5124        218          8          0          0      10750   stm32h7xx_hal_dma.o
      1432         56          0          0          0       3425   stm32h7xx_hal_dma_ex.o
       566         50          0          0          0       2296   stm32h7xx_hal_gpio.o
      2444         64          0          0          0      15677   stm32h7xx_hal_i2c.o
       172          0          0          0          0       2067   stm32h7xx_hal_i2c_ex.o
        28          6          0          0          0        922   stm32h7xx_hal_msp.o
        84          6          0          0          0        781   stm32h7xx_hal_pwr_ex.o
      2532        126          0          0          0       8016   stm32h7xx_hal_rcc.o
      3518        112          0          0          0       7845   stm32h7xx_hal_rcc_ex.o
      2562         14          0          0          0       9042   stm32h7xx_hal_spi.o
      1902        186          0          0          0      12460   stm32h7xx_hal_tim.o
       560         72          0          0          0       5559   stm32h7xx_hal_tim_ex.o
      1544        106         24          0          0      24794   stm32h7xx_hal_uart.o
       284          6         16          0          0       3777   stm32h7xx_hal_uart_ex.o
        56         18          0          0          0       5497   stm32h7xx_it.o
       156         22         16          8          0       1478   system_stm32h7xx.o
       412         50          0          0        152       3657   tim.o
       236         24          0          0        144       1902   usart.o
      2794         34       9350      13672        344      72906   yoloface.o
        40          4      11420         88          0      15649   yoloface_data.o

    ----------------------------------------------------------------------
     39726       2222      26428      13988     461412    1765011   Object Totals
         0          0         64          0          0          0   (incl. Generated)
        42          0        166          4          5          0   (incl. Padding)

    ----------------------------------------------------------------------

      Code (inc. data)   RO Data    RW Data    ZI Data      Debug   Library Member Name

       390         54          0          0          0        368   ai_datatypes_format.o
        74          6          0          0          0        360   ai_datatypes_internal.o
      1358          6          0          0          0        256   ai_math_helpers.o
       158          8          0          0          0        368   ai_platform.o
      3144        160        108          0          0       3900   ai_platform_interface.o
        80          0          0          0          0        132   arm_copy_q7.o
        48          0          0          0          0        128   arm_fill_q15.o
        42          0          0          0          0        348   core_common.o
       512          4         28          0          0        404   core_utils.o
       224          6          0          0          0        624   layers.o
      1610          8          0          0          0        892   layers_conv2d_stm32_integer.o
      1100          4          0          0          0        168   layers_generic_float.o
        58          0          0          0          0        128   layers_nl_stm32_integer.o
       388          6          0          0          0        288   layers_pool_stm32_integer.o
       970         14        336          0          0        504   layers_stm32_integer.o
       200          8          0          0          0        156   st_convolve_reference.o
       604          4          0          0          0        152   st_int8_pool.o
       826          0          0          0          0        284   st_int8_to16_no_shift.o
       222          0          0          0          0        248   st_padding_opt.o
      2084          0          0          0          0        404   st_sssa8_ch_convolve.o
       262          0          0          0          0        280   st_sssa8_ch_convolve_1x1.o
      2338          0          0          0          0        288   st_sssa8_ch_convolve_dw.o
      1428          0          0          0          0        264   st_sssa8_ch_convolve_rgb.o
      1568          0          0          0          0        148   st_sssa8_ch_nn_mat_mult_kernel.o
      2188          0          0          0          0        296   st_sssa8_ch_nn_mat_mult_kernel_opt.o
      2468          0          0          0          0        288   st_sssa8_ch_nn_mat_mult_nt_t.o
        64          0          0          0          0        124   st_uint8_fill.o
       500         74         48          0          0        236   expf.o
        38          0          0          0          0        116   fpclassifyf.o
        38         12          0          0          0        348   funder.o
        86          0          0          0          0          0   __dczerorl2.o
         0          0          0          0          0          0   entry.o
         0          0          0          0          0          0   entry10a.o
         0          0          0          0          0          0   entry11a.o
         8          4          0          0          0          0   entry2.o
         4          0          0          0          0          0   entry5.o
         0          0          0          0          0          0   entry7b.o
         0          0          0          0          0          0   entry8b.o
         8          4          0          0          0          0   entry9a.o
        12          6          0          4          0         68   errno.o
        30          0          0          0          0          0   handlers.o
        36          8          0          0          0         68   init.o
         0          0          0          0          0          0   iusefp.o
        30          0          0          0          0         68   llshl.o
        36          0          0          0          0         68   llsshr.o
        32          0          0          0          0         68   llushr.o
       252         24          0          0          0        252   mallocr.o
        26          0          0          0          0         80   memcmp.o
        36          0          0          0          0         68   memcpya.o
        36          0          0          0          0        108   memseta.o
         0          0          0          8          0          0   mvars.o
      2308         96          0          0          0        604   printfa.o
         0          0          0          4          0          0   stdout.o
        44          0          0          0          0         80   uidiv.o
        98          0          0          0          0         92   uldiv.o
        48          0          0          0          0         68   cdrcmple.o
       334          0          0          0          0        148   dadd.o
       222          0          0          0          0        100   ddiv.o
       186          0          0          0          0        176   depilogue.o
        48          0          0          0          0         68   dfixul.o
       228          0          0          0          0         96   dmul.o
        66          0          0          0          0         76   ffixl.o

    ----------------------------------------------------------------------
     29238        516        520         16          0      14856   Library Totals
        40          0          0          0          0          0   (incl. Padding)

    ----------------------------------------------------------------------

      Code (inc. data)   RO Data    RW Data    ZI Data      Debug   Library Name

     24408        288        472          0          0      11800   NetworkRuntime710_CM7_Keil.lib
       576         86         48          0          0        700   m_wv.l
      3082        142          0         16          0       1624   mc_w.l
      1132          0          0          0          0        732   mf_w.l

    ----------------------------------------------------------------------
     29238        516        520         16          0      14856   Library Totals

    ----------------------------------------------------------------------

==============================================================================


      Code (inc. data)   RO Data    RW Data    ZI Data      Debug   

     68964       2738      26948      14004     461412    1747303   Grand Totals
     68964       2738      26948       4644     461412    1747303   ELF Image Totals (compressed)
     68964       2738      26948       4644          0          0   ROM Totals

==============================================================================

    Total RO  Size (Code + RO Data)                95912 (  93.66kB)
    Total RW  Size (RW Data + ZI Data)            475416 ( 464.27kB)
    Total ROM Size (Code + RO Data + RW Data)     100556 (  98.20kB)

==============================================================================

